Archive member included to satisfy reference by file (symbol)

/home/kteo/RIOT/examples/IoT-Project/bin/native/core.a(kernel_init.o)
                              /home/kteo/RIOT/examples/IoT-Project/bin/native/cpu/startup.o (kernel_init)
/home/kteo/RIOT/examples/IoT-Project/bin/native/core.a(thread.o)
                              /home/kteo/RIOT/examples/IoT-Project/bin/native/core.a(kernel_init.o) (thread_create)
/home/kteo/RIOT/examples/IoT-Project/bin/native/core.a(sched.o)
                              /home/kteo/RIOT/examples/IoT-Project/bin/native/core.a(thread.o) (sched_num_threads)
/home/kteo/RIOT/examples/IoT-Project/bin/native/core.a(bitarithm.o)
                              /home/kteo/RIOT/examples/IoT-Project/bin/native/core.a(sched.o) (bitarithm_lsb)
/home/kteo/RIOT/examples/IoT-Project/bin/native/core.a(clist.o)
                              /home/kteo/RIOT/examples/IoT-Project/bin/native/core.a(sched.o) (clist_add)
/home/kteo/RIOT/examples/IoT-Project/bin/native/cpu.a(irq_cpu.o)
                              /home/kteo/RIOT/examples/IoT-Project/bin/native/core.a(kernel_init.o) (disableIRQ)
/home/kteo/RIOT/examples/IoT-Project/bin/native/cpu.a(lpm_cpu.o)
                              /home/kteo/RIOT/examples/IoT-Project/bin/native/core.a(kernel_init.o) (lpm_set)
/home/kteo/RIOT/examples/IoT-Project/bin/native/cpu.a(native_cpu.o)
                              /home/kteo/RIOT/examples/IoT-Project/bin/native/core.a(thread.o) (thread_stack_init)
/home/kteo/RIOT/examples/IoT-Project/bin/native/cpu.a(syscalls.o)
                              /home/kteo/RIOT/examples/IoT-Project/bin/native/cpu.a(irq_cpu.o) (real_read)
/home/kteo/RIOT/examples/IoT-Project/bin/native/cpu.a(tramp.o)
                              /home/kteo/RIOT/examples/IoT-Project/bin/native/cpu.a(irq_cpu.o) (_native_sig_leave_tramp)
/home/kteo/RIOT/examples/IoT-Project/bin/native/netdev2_tap.a(netdev2_tap.o)
                              /home/kteo/RIOT/examples/IoT-Project/bin/native/cpu/startup.o (netdev2_tap)
/home/kteo/RIOT/examples/IoT-Project/bin/native/vtimer.a(vtimer_compat.o)
                              /home/kteo/RIOT/examples/IoT-Project/bin/native/cpu.a(syscalls.o) (vtimer_gettimeofday)
/home/kteo/RIOT/examples/IoT-Project/bin/native/xtimer.a(xtimer.o)
                              /home/kteo/RIOT/examples/IoT-Project/bin/native/vtimer.a(vtimer_compat.o) (_xtimer_sleep)
/home/kteo/RIOT/examples/IoT-Project/bin/native/xtimer.a(xtimer_core.o)
                              /home/kteo/RIOT/examples/IoT-Project/bin/native/vtimer.a(vtimer_compat.o) (xtimer_now64)
/home/kteo/RIOT/examples/IoT-Project/bin/native/native_base.a(board_init.o)
                              /home/kteo/RIOT/examples/IoT-Project/bin/native/cpu/startup.o (board_init)
/home/kteo/RIOT/examples/IoT-Project/bin/native/native_base.a(native-led.o)
                              /home/kteo/RIOT/examples/IoT-Project/bin/native/native_base.a(board_init.o) (_native_LED_GREEN_OFF)
/home/kteo/RIOT/examples/IoT-Project/bin/native/IoT-project.a(main.o)
                              /usr/lib/gcc/i686-linux-gnu/4.8/../../../i386-linux-gnu/crt1.o (main)
/home/kteo/RIOT/examples/IoT-Project/bin/native/IoT-project.a(udp.o)
                              /home/kteo/RIOT/examples/IoT-Project/bin/native/IoT-project.a(main.o) (udp_cmd)
/home/kteo/RIOT/examples/IoT-Project/bin/native/IoT-project.a(hmac_sha256.o)
                              /home/kteo/RIOT/examples/IoT-Project/bin/native/IoT-project.a(udp.o) (hmac_sha256)
/home/kteo/RIOT/examples/IoT-Project/bin/native/auto_init.a(auto_init.o)
                              /home/kteo/RIOT/examples/IoT-Project/bin/native/core.a(kernel_init.o) (auto_init)
/home/kteo/RIOT/examples/IoT-Project/bin/native/auto_init_gnrc_netif.a(auto_init_netdev2_tap.o)
                              /home/kteo/RIOT/examples/IoT-Project/bin/native/auto_init.a(auto_init.o) (auto_init_netdev2_tap)
/home/kteo/RIOT/examples/IoT-Project/bin/native/core.a(msg.o)
                              /home/kteo/RIOT/examples/IoT-Project/bin/native/xtimer.a(xtimer.o) (msg_send_int)
/home/kteo/RIOT/examples/IoT-Project/bin/native/core.a(mutex.o)
                              /home/kteo/RIOT/examples/IoT-Project/bin/native/xtimer.a(xtimer.o) (mutex_lock)
/home/kteo/RIOT/examples/IoT-Project/bin/native/core.a(panic.o)
                              /home/kteo/RIOT/examples/IoT-Project/bin/native/netdev2_tap.a(netdev2_tap.o) (assert_crash_message)
/home/kteo/RIOT/examples/IoT-Project/bin/native/core.a(priority_queue.o)
                              /home/kteo/RIOT/examples/IoT-Project/bin/native/core.a(msg.o) (priority_queue_remove_head)
/home/kteo/RIOT/examples/IoT-Project/bin/native/core.a(atomic.o)
                              /home/kteo/RIOT/examples/IoT-Project/bin/native/core.a(mutex.o) (atomic_cas)
/home/kteo/RIOT/examples/IoT-Project/bin/native/cpu.a(panic.o)
[...]
Memory Configuration

Name             Origin             Length             Attributes
*default*        0x0000000000000000 0xffffffffffffffff

Linker script and memory map

LOAD /usr/lib/gcc/i686-linux-gnu/4.8/../../../i386-linux-gnu/crt1.o
LOAD /usr/lib/gcc/i686-linux-gnu/4.8/../../../i386-linux-gnu/crti.o
LOAD /usr/lib/gcc/i686-linux-gnu/4.8/crtbegin.o
LOAD /home/kteo/RIOT/examples/IoT-Project/bin/native/cpu/startup.o
START GROUP
LOAD /home/kteo/RIOT/examples/IoT-Project/bin/native/auto_init.a
LOAD /home/kteo/RIOT/examples/IoT-Project/bin/native/auto_init_gnrc_netif.a
LOAD /home/kteo/RIOT/examples/IoT-Project/bin/native/bitfield.a
LOAD /home/kteo/RIOT/examples/IoT-Project/bin/native/core.a
LOAD /home/kteo/RIOT/examples/IoT-Project/bin/native/cpu.a
LOAD /home/kteo/RIOT/examples/IoT-Project/bin/native/crypto.a
LOAD /home/kteo/RIOT/examples/IoT-Project/bin/native/gnrc.a
LOAD /home/kteo/RIOT/examples/IoT-Project/bin/native/gnrc_conn.a
LOAD /home/kteo/RIOT/examples/IoT-Project/bin/native/gnrc_conn_udp.a
LOAD /home/kteo/RIOT/examples/IoT-Project/bin/native/gnrc_icmpv6.a
LOAD /home/kteo/RIOT/examples/IoT-Project/bin/native/gnrc_ipv6.a
LOAD /home/kteo/RIOT/examples/IoT-Project/bin/native/gnrc_ipv6_hdr.a
LOAD /home/kteo/RIOT/examples/IoT-Project/bin/native/gnrc_ipv6_nc.a
LOAD /home/kteo/RIOT/examples/IoT-Project/bin/native/gnrc_ipv6_netif.a
LOAD /home/kteo/RIOT/examples/IoT-Project/bin/native/gnrc_ndp.a
LOAD /home/kteo/RIOT/examples/IoT-Project/bin/native/gnrc_ndp_host.a
LOAD /home/kteo/RIOT/examples/IoT-Project/bin/native/gnrc_ndp_internal.a
LOAD /home/kteo/RIOT/examples/IoT-Project/bin/native/gnrc_ndp_node.a
LOAD /home/kteo/RIOT/examples/IoT-Project/bin/native/gnrc_netapi.a
LOAD /home/kteo/RIOT/examples/IoT-Project/bin/native/gnrc_netdev2.a
LOAD /home/kteo/RIOT/examples/IoT-Project/bin/native/gnrc_netif.a
LOAD /home/kteo/RIOT/examples/IoT-Project/bin/native/gnrc_netif_hdr.a
LOAD /home/kteo/RIOT/examples/IoT-Project/bin/native/gnrc_netreg.a
LOAD /home/kteo/RIOT/examples/IoT-Project/bin/native/gnrc_pktbuf_static.a
LOAD /home/kteo/RIOT/examples/IoT-Project/bin/native/gnrc_udp.a
LOAD /home/kteo/RIOT/examples/IoT-Project/bin/native/inet_csum.a
LOAD /home/kteo/RIOT/examples/IoT-Project/bin/native/ipv6_addr.a
LOAD /home/kteo/RIOT/examples/IoT-Project/bin/native/ipv6_hdr.a
LOAD /home/kteo/RIOT/examples/IoT-Project/bin/native/netdev2_tap.a
LOAD /home/kteo/RIOT/examples/IoT-Project/bin/native/netopt.a
LOAD /home/kteo/RIOT/examples/IoT-Project/bin/native/periph.a
LOAD /home/kteo/RIOT/examples/IoT-Project/bin/native/posix.a
LOAD /home/kteo/RIOT/examples/IoT-Project/bin/native/posix_sockets.a
LOAD /home/kteo/RIOT/examples/IoT-Project/bin/native/ps.a
LOAD /home/kteo/RIOT/examples/IoT-Project/bin/native/random.a
LOAD /home/kteo/RIOT/examples/IoT-Project/bin/native/shell.a
LOAD /home/kteo/RIOT/examples/IoT-Project/bin/native/shell_commands.a
LOAD /home/kteo/RIOT/examples/IoT-Project/bin/native/sys.a
LOAD /home/kteo/RIOT/examples/IoT-Project/bin/native/timex.a
LOAD /home/kteo/RIOT/examples/IoT-Project/bin/native/udp.a
LOAD /home/kteo/RIOT/examples/IoT-Project/bin/native/vtimer.a
LOAD /home/kteo/RIOT/examples/IoT-Project/bin/native/xtimer.a
LOAD /home/kteo/RIOT/examples/IoT-Project/bin/native/native_base.a
LOAD /home/kteo/RIOT/examples/IoT-Project/bin/native/IoT-project.a
LOAD /usr/lib/gcc/i686-linux-gnu/4.8/../../../i386-linux-gnu/libm.so
END GROUP
LOAD /usr/lib/gcc/i686-linux-gnu/4.8/../../../i386-linux-gnu/libdl.so
LOAD /usr/lib/gcc/i686-linux-gnu/4.8/libgcc.a
LOAD /usr/lib/gcc/i686-linux-gnu/4.8/libgcc_s.so
LOAD /usr/lib/gcc/i686-linux-gnu/4.8/../../../i386-linux-gnu/libc.so
START GROUP
LOAD /lib/i386-linux-gnu/libc.so.6
LOAD /usr/lib/i386-linux-gnu/libc_nonshared.a
LOAD /lib/i386-linux-gnu/ld-linux.so.2
END GROUP
LOAD /usr/lib/gcc/i686-linux-gnu/4.8/libgcc.a
LOAD /usr/lib/gcc/i686-linux-gnu/4.8/libgcc_s.so
LOAD /usr/lib/gcc/i686-linux-gnu/4.8/crtend.o
LOAD /usr/lib/gcc/i686-linux-gnu/4.8/../../../i386-linux-gnu/crtn.o
                0x0000000008048000                PROVIDE (__executable_start, 0x8048000)
                0x0000000008048154                . = (0x8048000 + SIZEOF_HEADERS)

.interp         0x0000000008048154       0x13
 *(.interp)
 .interp        0x0000000008048154       0x13 /usr/lib/gcc/i686-linux-gnu/4.8/../../../i386-linux-gnu/crt1.o

.note.ABI-tag   0x0000000008048168       0x20
 .note.ABI-tag  0x0000000008048168       0x20 /usr/lib/gcc/i686-linux-gnu/4.8/../../../i386-linux-gnu/crt1.o

.note.gnu.build-id
                0x0000000008048188       0x24
 *(.note.gnu.build-id)
 .note.gnu.build-id
                0x0000000008048188       0x24 /usr/lib/gcc/i686-linux-gnu/4.8/../../../i386-linux-gnu/crt1.o

.hash
 *(.hash)

.gnu.hash       0x00000000080481ac       0xf8
 *(.gnu.hash)
 .gnu.hash      0x00000000080481ac       0xf8 /usr/lib/gcc/i686-linux-gnu/4.8/../../../i386-linux-gnu/crt1.o

.dynsym         0x00000000080482a4      0x4c0
 *(.dynsym)
 .dynsym        0x00000000080482a4      0x4c0 /usr/lib/gcc/i686-linux-gnu/4.8/../../../i386-linux-gnu/crt1.o

.dynstr         0x0000000008048764      0x2c5
 *(.dynstr)
 .dynstr        0x0000000008048764      0x2c5 /usr/lib/gcc/i686-linux-gnu/4.8/../../../i386-linux-gnu/crt1.o

.gnu.version    0x0000000008048a2a       0x98
 *(.gnu.version)
 .gnu.version   0x0000000008048a2a       0x98 /usr/lib/gcc/i686-linux-gnu/4.8/../../../i386-linux-gnu/crt1.o

.gnu.version_d  0x0000000008048ac4        0x0
 *(.gnu.version_d)
 .gnu.version_d
                0x0000000000000000        0x0 /usr/lib/gcc/i686-linux-gnu/4.8/../../../i386-linux-gnu/crt1.o

.gnu.version_r  0x0000000008048ac4       0x60
 *(.gnu.version_r)
 .gnu.version_r
                0x0000000008048ac4       0x60 /usr/lib/gcc/i686-linux-gnu/4.8/../../../i386-linux-gnu/crt1.o

.rel.dyn        0x0000000008048b24       0x10
 *(.rel.init)
 *(.rel.text .rel.text.* .rel.gnu.linkonce.t.*)
 .rel.text      0x0000000000000000        0x0 /usr/lib/gcc/i686-linux-gnu/4.8/../../../i386-linux-gnu/crt1.o
 .rel.text._native_null_in
                0x0000000000000000        0x0 /usr/lib/gcc/i686-linux-gnu/4.8/../../../i386-linux-gnu/crt1.o
 .rel.text._native_log_stdout
                0x0000000000000000        0x0 /usr/lib/gcc/i686-linux-gnu/4.8/../../../i386-linux-gnu/crt1.o
 .rel.text._native_log_stderr
                0x0000000000000000        0x0 /usr/lib/gcc/i686-linux-gnu/4.8/../../../i386-linux-gnu/crt1.o
 .rel.text.daemonize
                0x0000000000000000        0x0 /usr/lib/gcc/i686-linux-gnu/4.8/../../../i386-linux-gnu/crt1.o
 .rel.text.filter_daemonize_argv
                0x0000000000000000        0x0 /usr/lib/gcc/i686-linux-gnu/4.8/../../../i386-linux-gnu/crt1.o
 .rel.text.usage_exit
                0x0000000000000000        0x0 /usr/lib/gcc/i686-linux-gnu/4.8/../../../i386-linux-gnu/crt1.o
 .rel.text.startup
                0x0000000000000000        0x0 /usr/lib/gcc/i686-linux-gnu/4.8/../../../i386-linux-gnu/crt1.o
 .rel.text.main_trampoline
                0x0000000000000000        0x0 /usr/lib/gcc/i686-linux-gnu/4.8/../../../i386-linux-gnu/crt1.o
 .rel.text.idle_thread
                0x0000000000000000        0x0 /usr/lib/gcc/i686-linux-gnu/4.8/../../../i386-linux-gnu/crt1.o
 .rel.text.kernel_init
                0x0000000000000000        0x0 /usr/lib/gcc/i686-linux-gnu/4.8/../../../i386-linux-gnu/crt1.o
 .rel.text.clist_advance
                0x0000000000000000        0x0 /usr/lib/gcc/i686-linux-gnu/4.8/../../../i386-linux-gnu/crt1.o
 .rel.text.cib_init
                0x0000000000000000        0x0 /usr/lib/gcc/i686-linux-gnu/4.8/../../../i386-linux-gnu/crt1.o
 .rel.text.pid_is_valid
                0x0000000000000000        0x0 /usr/lib/gcc/i686-linux-gnu/4.8/../../../i386-linux-gnu/crt1.o
 .rel.text.thread_get
                0x0000000000000000        0x0 /usr/lib/gcc/i686-linux-gnu/4.8/../../../i386-linux-gnu/crt1.o
 .rel.text.thread_getstatus
                0x0000000000000000        0x0 /usr/lib/gcc/i686-linux-gnu/4.8/../../../i386-linux-gnu/crt1.o
 .rel.text.thread_getname
                0x0000000000000000        0x0 /usr/lib/gcc/i686-linux-gnu/4.8/../../../i386-linux-gnu/crt1.o
 .rel.text.thread_sleep
                0x0000000000000000        0x0 /usr/lib/gcc/i686-linux-gnu/4.8/../../../i386-linux-gnu/crt1.o
 .rel.text.thread_wakeup
                0x0000000000000000        0x0 /usr/lib/gcc/i686-linux-gnu/4.8/../../../i386-linux-gnu/crt1.o
 .rel.text.thread_yield
                0x0000000000000000        0x0 /usr/lib/gcc/i686-linux-gnu/4.8/../../../i386-linux-gnu/crt1.o
 .rel.text.thread_measure_stack_free
                0x0000000000000000        0x0 /usr/lib/gcc/i686-linux-gnu/4.8/../../../i386-linux-gnu/crt1.o
 .rel.text.thread_create
                0x0000000000000000        0x0 /usr/lib/gcc/i686-linux-gnu/4.8/../../../i386-linux-gnu/crt1.o
 .rel.text.sched_run
                0x0000000000000000        0x0 /usr/lib/gcc/i686-linux-gnu/4.8/../../../i386-linux-gnu/crt1.o
 .rel.text.sched_set_status
                0x0000000000000000        0x0 /usr/lib/gcc/i686-linux-gnu/4.8/../../../i386-linux-gnu/crt1.o
 .rel.text.sched_switch
                0x0000000000000000        0x0 /usr/lib/gcc/i686-linux-gnu/4.8/../../../i386-linux-gnu/crt1.o
 .rel.text.sched_task_exit
                0x0000000000000000        0x0 /usr/lib/gcc/i686-linux-gnu/4.8/../../../i386-linux-gnu/crt1.o
 .rel.text.bitarithm_msb
                0x0000000000000000        0x0 /usr/lib/gcc/i686-linux-gnu/4.8/../../../i386-linux-gnu/crt1.o
 .rel.text.bitarithm_lsb
                0x0000000000000000        0x0 /usr/lib/gcc/i686-linux-gnu/4.8/../../../i386-linux-gnu/crt1.o
 .rel.text.bitarithm_bits_set
                0x0000000000000000        0x0 /usr/lib/gcc/i686-linux-gnu/4.8/../../../i386-linux-gnu/crt1.o
 .rel.text.clist_add
                0x0000000000000000        0x0 /usr/lib/gcc/i686-linux-gnu/4.8/../../../i386-linux-gnu/crt1.o
 .rel.text.clist_remove
                0x0000000000000000        0x0 /usr/lib/gcc/i686-linux-gnu/4.8/../../../i386-linux-gnu/crt1.o
 .rel.text.print_thread_sigmask
                0x0000000000000000        0x0 /usr/lib/gcc/i686-linux-gnu/4.8/../../../i386-linux-gnu/crt1.o
 .rel.text.print_sigmasks
                0x0000000000000000        0x0 /usr/lib/gcc/i686-linux-gnu/4.8/../../../i386-linux-gnu/crt1.o
 .rel.text.native_print_signals
                0x0000000000000000        0x0 /usr/lib/gcc/i686-linux-gnu/4.8/../../../i386-linux-gnu/crt1.o
 .rel.text.disableIRQ
                0x0000000000000000        0x0 /usr/lib/gcc/i686-linux-gnu/4.8/../../../i386-linux-gnu/crt1.o
 .rel.text.enableIRQ
                0x0000000000000000        0x0 /usr/lib/gcc/i686-linux-gnu/4.8/../../../i386-linux-gnu/crt1.o
 .rel.text.restoreIRQ
                0x0000000000000000        0x0 /usr/lib/gcc/i686-linux-gnu/4.8/../../../i386-linux-gnu/crt1.o
 .rel.text.inISR
                0x0000000000000000        0x0 /usr/lib/gcc/i686-linux-gnu/4.8/../../../i386-linux-gnu/crt1.o
 .rel.text._native_popsig
                0x0000000000000000        0x0 /usr/lib/gcc/i686-linux-gnu/4.8/../../../i386-linux-gnu/crt1.o
 .rel.text.native_irq_handler
                0x0000000000000000        0x0 /usr/lib/gcc/i686-linux-gnu/4.8/../../../i386-linux-gnu/crt1.o
 .rel.text.isr_set_sigmask
                0x0000000000000000        0x0 /usr/lib/gcc/i686-linux-gnu/4.8/../../../i386-linux-gnu/crt1.o
 .rel.text.native_isr_entry
                0x0000000000000000        0x0 /usr/lib/gcc/i686-linux-gnu/4.8/../../../i386-linux-gnu/crt1.o
 .rel.text.set_signal_handler
                0x0000000000000000        0x0 /usr/lib/gcc/i686-linux-gnu/4.8/../../../i386-linux-gnu/crt1.o
 .rel.text.register_interrupt
                0x0000000000000000        0x0 /usr/lib/gcc/i686-linux-gnu/4.8/../../../i386-linux-gnu/crt1.o
 .rel.text.unregister_interrupt
                0x0000000000000000        0x0 /usr/lib/gcc/i686-linux-gnu/4.8/../../../i386-linux-gnu/crt1.o
 .rel.text.native_shutdown
                0x0000000000000000        0x0 /usr/lib/gcc/i686-linux-gnu/4.8/../../../i386-linux-gnu/crt1.o
 .rel.text.native_interrupt_init
                0x0000000000000000        0x0 /usr/lib/gcc/i686-linux-gnu/4.8/../../../i386-linux-gnu/crt1.o
 .rel.text.lpm_init
                0x0000000000000000        0x0 /usr/lib/gcc/i686-linux-gnu/4.8/../../../i386-linux-gnu/crt1.o
 .rel.text._native_lpm_sleep
                0x0000000000000000        0x0 /usr/lib/gcc/i686-linux-gnu/4.8/../../../i386-linux-gnu/crt1.o
 .rel.text.lpm_set
                0x0000000000000000        0x0 /usr/lib/gcc/i686-linux-gnu/4.8/../../../i386-linux-gnu/crt1.o
 .rel.text.lpm_awake
                0x0000000000000000        0x0 /usr/lib/gcc/i686-linux-gnu/4.8/../../../i386-linux-gnu/crt1.o
 .rel.text.lpm_begin_awake
                0x0000000000000000        0x0 /usr/lib/gcc/i686-linux-gnu/4.8/../../../i386-linux-gnu/crt1.o
 .rel.text.lpm_end_awake
                0x0000000000000000        0x0 /usr/lib/gcc/i686-linux-gnu/4.8/../../../i386-linux-gnu/crt1.o
 .rel.text.lpm_get
                0x0000000000000000        0x0 /usr/lib/gcc/i686-linux-gnu/4.8/../../../i386-linux-gnu/crt1.o
 .rel.text.reboot_arch
                0x0000000000000000        0x0 /usr/lib/gcc/i686-linux-gnu/4.8/../../../i386-linux-gnu/crt1.o
 .rel.text.thread_print_stack
                0x0000000000000000        0x0 /usr/lib/gcc/i686-linux-gnu/4.8/../../../i386-linux-gnu/crt1.o
 .rel.text.thread_stack_init
                0x0000000000000000        0x0 /usr/lib/gcc/i686-linux-gnu/4.8/../../../i386-linux-gnu/crt1.o
 .rel.text.isr_cpu_switch_context_exit
                0x0000000000000000        0x0 /usr/lib/gcc/i686-linux-gnu/4.8/../../../i386-linux-gnu/crt1.o
 .rel.text.cpu_switch_context_exit
                0x0000000000000000        0x0 /usr/lib/gcc/i686-linux-gnu/4.8/../../../i386-linux-gnu/crt1.o
 .rel.text.isr_thread_yield
                0x0000000000000000        0x0 /usr/lib/gcc/i686-linux-gnu/4.8/../../../i386-linux-gnu/crt1.o
 .rel.text.thread_yield_higher
                0x0000000000000000        0x0 /usr/lib/gcc/i686-linux-gnu/4.8/../../../i386-linux-gnu/crt1.o
 .rel.text.native_cpu_init
                0x0000000000000000        0x0 /usr/lib/gcc/i686-linux-gnu/4.8/../../../i386-linux-gnu/crt1.o
 .rel.text._native_syscall_enter
                0x0000000000000000        0x0 /usr/lib/gcc/i686-linux-gnu/4.8/../../../i386-linux-gnu/crt1.o
 .rel.text._native_syscall_leave
                0x0000000000000000        0x0 /usr/lib/gcc/i686-linux-gnu/4.8/../../../i386-linux-gnu/crt1.o
 .rel.text.malloc
                0x0000000000000000        0x0 /usr/lib/gcc/i686-linux-gnu/4.8/../../../i386-linux-gnu/crt1.o
 .rel.text.free
                0x0000000000000000        0x0 /usr/lib/gcc/i686-linux-gnu/4.8/../../../i386-linux-gnu/crt1.o
 .rel.text.calloc
                0x0000000000000000        0x0 /usr/lib/gcc/i686-linux-gnu/4.8/../../../i386-linux-gnu/crt1.o
 .rel.text.realloc
                0x0000000000000000        0x0 /usr/lib/gcc/i686-linux-gnu/4.8/../../../i386-linux-gnu/crt1.o
 .rel.text._native_read
                0x0000000000000000        0x0 /usr/lib/gcc/i686-linux-gnu/4.8/../../../i386-linux-gnu/crt1.o
 .rel.text._native_write
                0x0000000000000000        0x0 /usr/lib/gcc/i686-linux-gnu/4.8/../../../i386-linux-gnu/crt1.o
 .rel.text._native_writev
                0x0000000000000000        0x0 /usr/lib/gcc/i686-linux-gnu/4.8/../../../i386-linux-gnu/crt1.o
 .rel.text.putchar
                0x0000000000000000        0x0 /usr/lib/gcc/i686-linux-gnu/4.8/../../../i386-linux-gnu/crt1.o
 .rel.text.puts
                0x0000000000000000        0x0 /usr/lib/gcc/i686-linux-gnu/4.8/../../../i386-linux-gnu/crt1.o
 .rel.text.make_message
                0x0000000000000000        0x0 /usr/lib/gcc/i686-linux-gnu/4.8/../../../i386-linux-gnu/crt1.o
 .rel.text.printf
                0x0000000000000000        0x0 /usr/lib/gcc/i686-linux-gnu/4.8/../../../i386-linux-gnu/crt1.o
 .rel.text.vprintf
                0x0000000000000000        0x0 /usr/lib/gcc/i686-linux-gnu/4.8/../../../i386-linux-gnu/crt1.o
 .rel.text.vwarn
                0x0000000000000000        0x0 /usr/lib/gcc/i686-linux-gnu/4.8/../../../i386-linux-gnu/crt1.o
 .rel.text.vwarnx
                0x0000000000000000        0x0 /usr/lib/gcc/i686-linux-gnu/4.8/../../../i386-linux-gnu/crt1.o
 .rel.text.warn
                0x0000000000000000        0x0 /usr/lib/gcc/i686-linux-gnu/4.8/../../../i386-linux-gnu/crt1.o
 .rel.text.warnx
                0x0000000000000000        0x0 /usr/lib/gcc/i686-linux-gnu/4.8/../../../i386-linux-gnu/crt1.o
 .rel.text.getpid
                0x0000000000000000        0x0 /usr/lib/gcc/i686-linux-gnu/4.8/../../../i386-linux-gnu/crt1.o
 .rel.text._gettimeofday
                0x0000000000000000        0x0 /usr/lib/gcc/i686-linux-gnu/4.8/../../../i386-linux-gnu/crt1.o
 .rel.text._native_init_syscalls
                0x0000000000000000        0x0 /usr/lib/gcc/i686-linux-gnu/4.8/../../../i386-linux-gnu/crt1.o
 .rel.text.ethernet_get_iid
                0x0000000000000000        0x0 /usr/lib/gcc/i686-linux-gnu/4.8/../../../i386-linux-gnu/crt1.o
 .rel.text._get_mac_addr
                0x0000000000000000        0x0 /usr/lib/gcc/i686-linux-gnu/4.8/../../../i386-linux-gnu/crt1.o
 .rel.text._set_mac_addr
                0x0000000000000000        0x0 /usr/lib/gcc/i686-linux-gnu/4.8/../../../i386-linux-gnu/crt1.o
 .rel.text._get_promiscous
                0x0000000000000000        0x0 /usr/lib/gcc/i686-linux-gnu/4.8/../../../i386-linux-gnu/crt1.o
 .rel.text._set_promiscous
                0x0000000000000000        0x0 /usr/lib/gcc/i686-linux-gnu/4.8/../../../i386-linux-gnu/crt1.o
 .rel.text._get_iid
                0x0000000000000000        0x0 /usr/lib/gcc/i686-linux-gnu/4.8/../../../i386-linux-gnu/crt1.o
 .rel.text._isr
                0x0000000000000000        0x0 /usr/lib/gcc/i686-linux-gnu/4.8/../../../i386-linux-gnu/crt1.o
 .rel.text._get
                0x0000000000000000        0x0 /usr/lib/gcc/i686-linux-gnu/4.8/../../../i386-linux-gnu/crt1.o
 .rel.text._set
                0x0000000000000000        0x0 /usr/lib/gcc/i686-linux-gnu/4.8/../../../i386-linux-gnu/crt1.o
 .rel.text._is_addr_broadcast
                0x0000000000000000        0x0 /usr/lib/gcc/i686-linux-gnu/4.8/../../../i386-linux-gnu/crt1.o
 .rel.text._is_addr_multicast
                0x0000000000000000        0x0 /usr/lib/gcc/i686-linux-gnu/4.8/../../../i386-linux-gnu/crt1.o
 .rel.text._recv
                0x0000000000000000        0x0 /usr/lib/gcc/i686-linux-gnu/4.8/../../../i386-linux-gnu/crt1.o
 .rel.text._send
                0x0000000000000000        0x0 /usr/lib/gcc/i686-linux-gnu/4.8/../../../i386-linux-gnu/crt1.o
 .rel.text.netdev2_tap_setup
                0x0000000000000000        0x0 /usr/lib/gcc/i686-linux-gnu/4.8/../../../i386-linux-gnu/crt1.o
 .rel.text._tap_isr
                0x0000000000000000        0x0 /usr/lib/gcc/i686-linux-gnu/4.8/../../../i386-linux-gnu/crt1.o
 .rel.text._init
                0x0000000000000000        0x0 /usr/lib/gcc/i686-linux-gnu/4.8/../../../i386-linux-gnu/crt1.o
 .rel.text.netdev2_tap_cleanup
                0x0000000000000000        0x0 /usr/lib/gcc/i686-linux-gnu/4.8/../../../i386-linux-gnu/crt1.o
 .rel.text.timex_uint64
                0x0000000000000000        0x0 /usr/lib/gcc/i686-linux-gnu/4.8/../../../i386-linux-gnu/crt1.o
 .rel.text.timex_from_uint64
                0x0000000000000000        0x0 /usr/lib/gcc/i686-linux-gnu/4.8/../../../i386-linux-gnu/crt1.o
 .rel.text.xtimer_usleep64
                0x0000000000000000        0x0 /usr/lib/gcc/i686-linux-gnu/4.8/../../../i386-linux-gnu/crt1.o
 .rel.text.vtimer_sleep
                0x0000000000000000        0x0 /usr/lib/gcc/i686-linux-gnu/4.8/../../../i386-linux-gnu/crt1.o
 .rel.text.vtimer_msg_receive_timeout
                0x0000000000000000        0x0 /usr/lib/gcc/i686-linux-gnu/4.8/../../../i386-linux-gnu/crt1.o
 .rel.text.vtimer_now
                0x0000000000000000        0x0 /usr/lib/gcc/i686-linux-gnu/4.8/../../../i386-linux-gnu/crt1.o
 .rel.text.vtimer_get_localtime
                0x0000000000000000        0x0 /usr/lib/gcc/i686-linux-gnu/4.8/../../../i386-linux-gnu/crt1.o
 .rel.text.vtimer_set_msg
                0x0000000000000000        0x0 /usr/lib/gcc/i686-linux-gnu/4.8/../../../i386-linux-gnu/crt1.o
 .rel.text.vtimer_set_wakeup
                0x0000000000000000        0x0 /usr/lib/gcc/i686-linux-gnu/4.8/../../../i386-linux-gnu/crt1.o
 .rel.text.vtimer_remove
                0x0000000000000000        0x0 /usr/lib/gcc/i686-linux-gnu/4.8/../../../i386-linux-gnu/crt1.o
 .rel.text.vtimer_gettimeofday
                0x0000000000000000        0x0 /usr/lib/gcc/i686-linux-gnu/4.8/../../../i386-linux-gnu/crt1.o
 .rel.text._xtimer_now
                0x0000000000000000        0x0 /usr/lib/gcc/i686-linux-gnu/4.8/../../../i386-linux-gnu/crt1.o
 .rel.text.xtimer_now
                0x0000000000000000        0x0 /usr/lib/gcc/i686-linux-gnu/4.8/../../../i386-linux-gnu/crt1.o
 .rel.text.xtimer_spin
                0x0000000000000000        0x0 /usr/lib/gcc/i686-linux-gnu/4.8/../../../i386-linux-gnu/crt1.o
 .rel.text.div_u64_by_15625
                0x0000000000000000        0x0 /usr/lib/gcc/i686-linux-gnu/4.8/../../../i386-linux-gnu/crt1.o
 .rel.text.div_u64_by_1000000
                0x0000000000000000        0x0 /usr/lib/gcc/i686-linux-gnu/4.8/../../../i386-linux-gnu/crt1.o
 .rel.text._callback_unlock_mutex
                0x0000000000000000        0x0 /usr/lib/gcc/i686-linux-gnu/4.8/../../../i386-linux-gnu/crt1.o
 .rel.text._xtimer_sleep
                0x0000000000000000        0x0 /usr/lib/gcc/i686-linux-gnu/4.8/../../../i386-linux-gnu/crt1.o
 .rel.text.xtimer_usleep_until
                0x0000000000000000        0x0 /usr/lib/gcc/i686-linux-gnu/4.8/../../../i386-linux-gnu/crt1.o
 .rel.text._callback_msg
                0x0000000000000000        0x0 /usr/lib/gcc/i686-linux-gnu/4.8/../../../i386-linux-gnu/crt1.o
 .rel.text._setup_msg
                0x0000000000000000        0x0 /usr/lib/gcc/i686-linux-gnu/4.8/../../../i386-linux-gnu/crt1.o
 .rel.text.xtimer_set_msg
                0x0000000000000000        0x0 /usr/lib/gcc/i686-linux-gnu/4.8/../../../i386-linux-gnu/crt1.o
 .rel.text.xtimer_set_msg64
                0x0000000000000000        0x0 /usr/lib/gcc/i686-linux-gnu/4.8/../../../i386-linux-gnu/crt1.o
 .rel.text._callback_wakeup
                0x0000000000000000        0x0 /usr/lib/gcc/i686-linux-gnu/4.8/../../../i386-linux-gnu/crt1.o
 .rel.text.xtimer_set_wakeup
                0x0000000000000000        0x0 /usr/lib/gcc/i686-linux-gnu/4.8/../../../i386-linux-gnu/crt1.o
 .rel.text.xtimer_set_wakeup64
                0x0000000000000000        0x0 /usr/lib/gcc/i686-linux-gnu/4.8/../../../i386-linux-gnu/crt1.o
 .rel.text.xtimer_now_timex
                0x0000000000000000        0x0 /usr/lib/gcc/i686-linux-gnu/4.8/../../../i386-linux-gnu/crt1.o
 .rel.text.xtimer_msg_receive_timeout64
                0x0000000000000000        0x0 /usr/lib/gcc/i686-linux-gnu/4.8/../../../i386-linux-gnu/crt1.o
 .rel.text._mask
                0x0000000000000000        0x0 /usr/lib/gcc/i686-linux-gnu/4.8/../../../i386-linux-gnu/crt1.o
 .rel.text.xtimer_spin_until
                0x0000000000000000        0x0 /usr/lib/gcc/i686-linux-gnu/4.8/../../../i386-linux-gnu/crt1.o
 .rel.text._is_set
                0x0000000000000000        0x0 /usr/lib/gcc/i686-linux-gnu/4.8/../../../i386-linux-gnu/crt1.o
 .rel.text.xtimer_init
                0x0000000000000000        0x0 /usr/lib/gcc/i686-linux-gnu/4.8/../../../i386-linux-gnu/crt1.o
 .rel.text._xtimer_now64
                0x0000000000000000        0x0 /usr/lib/gcc/i686-linux-gnu/4.8/../../../i386-linux-gnu/crt1.o
 .rel.text.xtimer_now64
                0x0000000000000000        0x0 /usr/lib/gcc/i686-linux-gnu/4.8/../../../i386-linux-gnu/crt1.o
 .rel.text._xtimer_set64
                0x0000000000000000        0x0 /usr/lib/gcc/i686-linux-gnu/4.8/../../../i386-linux-gnu/crt1.o
 .rel.text.xtimer_set
                0x0000000000000000        0x0 /usr/lib/gcc/i686-linux-gnu/4.8/../../../i386-linux-gnu/crt1.o
 .rel.text._periph_timer_callback
                0x0000000000000000        0x0 /usr/lib/gcc/i686-linux-gnu/4.8/../../../i386-linux-gnu/crt1.o
 .rel.text._shoot
                0x0000000000000000        0x0 /usr/lib/gcc/i686-linux-gnu/4.8/../../../i386-linux-gnu/crt1.o
 .rel.text._lltimer_set
                0x0000000000000000        0x0 /usr/lib/gcc/i686-linux-gnu/4.8/../../../i386-linux-gnu/crt1.o
 .rel.text._xtimer_set_absolute
                0x0000000000000000        0x0 /usr/lib/gcc/i686-linux-gnu/4.8/../../../i386-linux-gnu/crt1.o
 .rel.text._add_timer_to_list
                0x0000000000000000        0x0 /usr/lib/gcc/i686-linux-gnu/4.8/../../../i386-linux-gnu/crt1.o
 .rel.text._add_timer_to_long_list
                0x0000000000000000        0x0 /usr/lib/gcc/i686-linux-gnu/4.8/../../../i386-linux-gnu/crt1.o
 .rel.text._remove_timer_from_list
                0x0000000000000000        0x0 /usr/lib/gcc/i686-linux-gnu/4.8/../../../i386-linux-gnu/crt1.o
 .rel.text.xtimer_remove
                0x0000000000000000        0x0 /usr/lib/gcc/i686-linux-gnu/4.8/../../../i386-linux-gnu/crt1.o
 .rel.text._time_left
                0x0000000000000000        0x0 /usr/lib/gcc/i686-linux-gnu/4.8/../../../i386-linux-gnu/crt1.o
 .rel.text._this_high_period
                0x0000000000000000        0x0 /usr/lib/gcc/i686-linux-gnu/4.8/../../../i386-linux-gnu/crt1.o
 .rel.text._compare
                0x0000000000000000        0x0 /usr/lib/gcc/i686-linux-gnu/4.8/../../../i386-linux-gnu/crt1.o
 .rel.text._merge_lists
                0x0000000000000000        0x0 /usr/lib/gcc/i686-linux-gnu/4.8/../../../i386-linux-gnu/crt1.o
 .rel.text._select_long_timers
                0x0000000000000000        0x0 /usr/lib/gcc/i686-linux-gnu/4.8/../../../i386-linux-gnu/crt1.o
 .rel.text._next_period
                0x0000000000000000        0x0 /usr/lib/gcc/i686-linux-gnu/4.8/../../../i386-linux-gnu/crt1.o
 .rel.text._timer_callback
                0x0000000000000000        0x0 /usr/lib/gcc/i686-linux-gnu/4.8/../../../i386-linux-gnu/crt1.o
 .rel.text.board_init
                0x0000000000000000        0x0 /usr/lib/gcc/i686-linux-gnu/4.8/../../../i386-linux-gnu/crt1.o
 .rel.text._native_LED_GREEN_OFF
                0x0000000000000000        0x0 /usr/lib/gcc/i686-linux-gnu/4.8/../../../i386-linux-gnu/crt1.o
 .rel.text._native_LED_GREEN_ON
                0x0000000000000000        0x0 /usr/lib/gcc/i686-linux-gnu/4.8/../../../i386-linux-gnu/crt1.o
 .rel.text._native_LED_GREEN_TOGGLE
                0x0000000000000000        0x0 /usr/lib/gcc/i686-linux-gnu/4.8/../../../i386-linux-gnu/crt1.o
 .rel.text._native_LED_RED_OFF
                0x0000000000000000        0x0 /usr/lib/gcc/i686-linux-gnu/4.8/../../../i386-linux-gnu/crt1.o
 .rel.text._native_LED_RED_ON
                0x0000000000000000        0x0 /usr/lib/gcc/i686-linux-gnu/4.8/../../../i386-linux-gnu/crt1.o
 .rel.text._native_LED_RED_TOGGLE
                0x0000000000000000        0x0 /usr/lib/gcc/i686-linux-gnu/4.8/../../../i386-linux-gnu/crt1.o
 .rel.text.main
                0x0000000000000000        0x0 /usr/lib/gcc/i686-linux-gnu/4.8/../../../i386-linux-gnu/crt1.o
 .rel.text.byteorder_swaps
                0x0000000000000000        0x0 /usr/lib/gcc/i686-linux-gnu/4.8/../../../i386-linux-gnu/crt1.o
 .rel.text.byteorder_htons
                0x0000000000000000        0x0 /usr/lib/gcc/i686-linux-gnu/4.8/../../../i386-linux-gnu/crt1.o
 .rel.text.byteorder_ntohs
                0x0000000000000000        0x0 /usr/lib/gcc/i686-linux-gnu/4.8/../../../i386-linux-gnu/crt1.o
 .rel.text.HTONS
                0x0000000000000000        0x0 /usr/lib/gcc/i686-linux-gnu/4.8/../../../i386-linux-gnu/crt1.o
 .rel.text.NTOHS
                0x0000000000000000        0x0 /usr/lib/gcc/i686-linux-gnu/4.8/../../../i386-linux-gnu/crt1.o
 .rel.text.inet_ntop
                0x0000000000000000        0x0 /usr/lib/gcc/i686-linux-gnu/4.8/../../../i386-linux-gnu/crt1.o
 .rel.text._server_thread
                0x0000000000000000        0x0 /usr/lib/gcc/i686-linux-gnu/4.8/../../../i386-linux-gnu/crt1.o
 .rel.text.udp_start_server
                0x0000000000000000        0x0 /usr/lib/gcc/i686-linux-gnu/4.8/../../../i386-linux-gnu/crt1.o
 .rel.text.udp_cmd
                0x0000000000000000        0x0 /usr/lib/gcc/i686-linux-gnu/4.8/../../../i386-linux-gnu/crt1.o
 .rel.text.hmac_sha256_init
                0x0000000000000000        0x0 /usr/lib/gcc/i686-linux-gnu/4.8/../../../i386-linux-gnu/crt1.o
 .rel.text.hmac_sha256_reinit
                0x0000000000000000        0x0 /usr/lib/gcc/i686-linux-gnu/4.8/../../../i386-linux-gnu/crt1.o
 .rel.text.hmac_sha256_update
                0x0000000000000000        0x0 /usr/lib/gcc/i686-linux-gnu/4.8/../../../i386-linux-gnu/crt1.o
 .rel.text.hmac_sha256_final
                0x0000000000000000        0x0 /usr/lib/gcc/i686-linux-gnu/4.8/../../../i386-linux-gnu/crt1.o
 .rel.text.hmac_sha256
                0x0000000000000000        0x0 /usr/lib/gcc/i686-linux-gnu/4.8/../../../i386-linux-gnu/crt1.o
 .rel.text.test
                0x0000000000000000        0x0 /usr/lib/gcc/i686-linux-gnu/4.8/../../../i386-linux-gnu/crt1.o
 .rel.text.auto_init
                0x0000000000000000        0x0 /usr/lib/gcc/i686-linux-gnu/4.8/../../../i386-linux-gnu/crt1.o
 .rel.text.auto_init_netdev2_tap
                0x0000000000000000        0x0 /usr/lib/gcc/i686-linux-gnu/4.8/../../../i386-linux-gnu/crt1.o
 .rel.text.cib_avail
                0x0000000000000000        0x0 /usr/lib/gcc/i686-linux-gnu/4.8/../../../i386-linux-gnu/crt1.o
 .rel.text.cib_get
                0x0000000000000000        0x0 /usr/lib/gcc/i686-linux-gnu/4.8/../../../i386-linux-gnu/crt1.o
 .rel.text.cib_put
                0x0000000000000000        0x0 /usr/lib/gcc/i686-linux-gnu/4.8/../../../i386-linux-gnu/crt1.o
 .rel.text.queue_msg
                0x0000000000000000        0x0 /usr/lib/gcc/i686-linux-gnu/4.8/../../../i386-linux-gnu/crt1.o
 .rel.text.msg_send
                0x0000000000000000        0x0 /usr/lib/gcc/i686-linux-gnu/4.8/../../../i386-linux-gnu/crt1.o
 .rel.text.msg_try_send
                0x0000000000000000        0x0 /usr/lib/gcc/i686-linux-gnu/4.8/../../../i386-linux-gnu/crt1.o
 .rel.text._msg_send
                0x0000000000000000        0x0 /usr/lib/gcc/i686-linux-gnu/4.8/../../../i386-linux-gnu/crt1.o
 .rel.text.msg_send_to_self
                0x0000000000000000        0x0 /usr/lib/gcc/i686-linux-gnu/4.8/../../../i386-linux-gnu/crt1.o
 .rel.text.msg_send_int
                0x0000000000000000        0x0 /usr/lib/gcc/i686-linux-gnu/4.8/../../../i386-linux-gnu/crt1.o
 .rel.text.msg_send_receive
                0x0000000000000000        0x0 /usr/lib/gcc/i686-linux-gnu/4.8/../../../i386-linux-gnu/crt1.o
 .rel.text.msg_reply
                0x0000000000000000        0x0 /usr/lib/gcc/i686-linux-gnu/4.8/../../../i386-linux-gnu/crt1.o
 .rel.text.msg_reply_int
                0x0000000000000000        0x0 /usr/lib/gcc/i686-linux-gnu/4.8/../../../i386-linux-gnu/crt1.o
 .rel.text.msg_try_receive
                0x0000000000000000        0x0 /usr/lib/gcc/i686-linux-gnu/4.8/../../../i386-linux-gnu/crt1.o
 .rel.text.msg_receive
                0x0000000000000000        0x0 /usr/lib/gcc/i686-linux-gnu/4.8/../../../i386-linux-gnu/crt1.o
 .rel.text._msg_receive
                0x0000000000000000        0x0 /usr/lib/gcc/i686-linux-gnu/4.8/../../../i386-linux-gnu/crt1.o
 .rel.text.msg_init_queue
                0x0000000000000000        0x0 /usr/lib/gcc/i686-linux-gnu/4.8/../../../i386-linux-gnu/crt1.o
 .rel.text.atomic_set_to_one
                0x0000000000000000        0x0 /usr/lib/gcc/i686-linux-gnu/4.8/../../../i386-linux-gnu/crt1.o
 .rel.text.mutex_trylock
                0x0000000000000000        0x0 /usr/lib/gcc/i686-linux-gnu/4.8/../../../i386-linux-gnu/crt1.o
 .rel.text.mutex_lock
                0x0000000000000000        0x0 /usr/lib/gcc/i686-linux-gnu/4.8/../../../i386-linux-gnu/crt1.o
 .rel.text.mutex_wait
                0x0000000000000000        0x0 /usr/lib/gcc/i686-linux-gnu/4.8/../../../i386-linux-gnu/crt1.o
 .rel.text.mutex_unlock
                0x0000000000000000        0x0 /usr/lib/gcc/i686-linux-gnu/4.8/../../../i386-linux-gnu/crt1.o
 .rel.text.mutex_unlock_and_sleep
                0x0000000000000000        0x0 /usr/lib/gcc/i686-linux-gnu/4.8/../../../i386-linux-gnu/crt1.o
 .rel.text.cpu_print_last_instruction
                0x0000000000000000        0x0 /usr/lib/gcc/i686-linux-gnu/4.8/../../../i386-linux-gnu/crt1.o
 .rel.text.core_panic
                0x0000000000000000        0x0 /usr/lib/gcc/i686-linux-gnu/4.8/../../../i386-linux-gnu/crt1.o
 .rel.text.priority_queue_remove
                0x0000000000000000        0x0 /usr/lib/gcc/i686-linux-gnu/4.8/../../../i386-linux-gnu/crt1.o
 .rel.text.priority_queue_remove_head
                0x0000000000000000        0x0 /usr/lib/gcc/i686-linux-gnu/4.8/../../../i386-linux-gnu/crt1.o
 .rel.text.priority_queue_add
                0x0000000000000000        0x0 /usr/lib/gcc/i686-linux-gnu/4.8/../../../i386-linux-gnu/crt1.o
 .rel.text.atomic_cas
                0x0000000000000000        0x0 /usr/lib/gcc/i686-linux-gnu/4.8/../../../i386-linux-gnu/crt1.o
 .rel.text.panic_arch
                0x0000000000000000        0x0 /usr/lib/gcc/i686-linux-gnu/4.8/../../../i386-linux-gnu/crt1.o
 .rel.text.be32enc_vect
                0x0000000000000000        0x0 /usr/lib/gcc/i686-linux-gnu/4.8/../../../i386-linux-gnu/crt1.o
 .rel.text.sha256_transform
                0x0000000000000000        0x0 /usr/lib/gcc/i686-linux-gnu/4.8/../../../i386-linux-gnu/crt1.o
 .rel.text.sha256_pad
                0x0000000000000000        0x0 /usr/lib/gcc/i686-linux-gnu/4.8/../../../i386-linux-gnu/crt1.o
 .rel.text.sha256_init
                0x0000000000000000        0x0 /usr/lib/gcc/i686-linux-gnu/4.8/../../../i386-linux-gnu/crt1.o
 .rel.text.sha256_update
                0x0000000000000000        0x0 /usr/lib/gcc/i686-linux-gnu/4.8/../../../i386-linux-gnu/crt1.o
 .rel.text.sha256_final
                0x0000000000000000        0x0 /usr/lib/gcc/i686-linux-gnu/4.8/../../../i386-linux-gnu/crt1.o
 .rel.text.sha256
                0x0000000000000000        0x0 /usr/lib/gcc/i686-linux-gnu/4.8/../../../i386-linux-gnu/crt1.o
 .rel.text.byteorder_swapll
                0x0000000000000000        0x0 /usr/lib/gcc/i686-linux-gnu/4.8/../../../i386-linux-gnu/crt1.o
 .rel.text.byteorder_htonll
                0x0000000000000000        0x0 /usr/lib/gcc/i686-linux-gnu/4.8/../../../i386-linux-gnu/crt1.o
 .rel.text.byteorder_ntohll
                0x0000000000000000        0x0 /usr/lib/gcc/i686-linux-gnu/4.8/../../../i386-linux-gnu/crt1.o
 .rel.text.gnrc_nettype_from_protnum
                0x0000000000000000        0x0 /usr/lib/gcc/i686-linux-gnu/4.8/../../../i386-linux-gnu/crt1.o
 .rel.text.gnrc_nettype_to_protnum
                0x0000000000000000        0x0 /usr/lib/gcc/i686-linux-gnu/4.8/../../../i386-linux-gnu/crt1.o
 .rel.text.gnrc_pkt_len
                0x0000000000000000        0x0 /usr/lib/gcc/i686-linux-gnu/4.8/../../../i386-linux-gnu/crt1.o
 .rel.text.thread_getpid
                0x0000000000000000        0x0 /usr/lib/gcc/i686-linux-gnu/4.8/../../../i386-linux-gnu/crt1.o
 .rel.text.gnrc_pktbuf_remove_snip
                0x0000000000000000        0x0 /usr/lib/gcc/i686-linux-gnu/4.8/../../../i386-linux-gnu/crt1.o
 .rel.text.gnrc_netif_hdr_init
                0x0000000000000000        0x0 /usr/lib/gcc/i686-linux-gnu/4.8/../../../i386-linux-gnu/crt1.o
 .rel.text.gnrc_netif_hdr_set_src_addr
                0x0000000000000000        0x0 /usr/lib/gcc/i686-linux-gnu/4.8/../../../i386-linux-gnu/crt1.o
 .rel.text.gnrc_netif_hdr_set_dst_addr
                0x0000000000000000        0x0 /usr/lib/gcc/i686-linux-gnu/4.8/../../../i386-linux-gnu/crt1.o
 .rel.text.gnrc_netif_hdr_build
                0x0000000000000000        0x0 /usr/lib/gcc/i686-linux-gnu/4.8/../../../i386-linux-gnu/crt1.o
 .rel.text.ipv6_addr_is_unspecified
                0x0000000000000000        0x0 /usr/lib/gcc/i686-linux-gnu/4.8/../../../i386-linux-gnu/crt1.o
 .rel.text.ipv6_addr_is_loopback
                0x0000000000000000        0x0 /usr/lib/gcc/i686-linux-gnu/4.8/../../../i386-linux-gnu/crt1.o
 .rel.text.ipv6_addr_is_multicast
                0x0000000000000000        0x0 /usr/lib/gcc/i686-linux-gnu/4.8/../../../i386-linux-gnu/crt1.o
 .rel.text.ipv6_addr_set_loopback
                0x0000000000000000        0x0 /usr/lib/gcc/i686-linux-gnu/4.8/../../../i386-linux-gnu/crt1.o
 .rel.text.ipv6_hdr_is
                0x0000000000000000        0x0 /usr/lib/gcc/i686-linux-gnu/4.8/../../../i386-linux-gnu/crt1.o
 .rel.text.gnrc_ipv6_init
                0x0000000000000000        0x0 /usr/lib/gcc/i686-linux-gnu/4.8/../../../i386-linux-gnu/crt1.o
 .rel.text.gnrc_ipv6_demux
                0x0000000000000000        0x0 /usr/lib/gcc/i686-linux-gnu/4.8/../../../i386-linux-gnu/crt1.o
 .rel.text._event_loop
                0x0000000000000000        0x0 /usr/lib/gcc/i686-linux-gnu/4.8/../../../i386-linux-gnu/crt1.o
 .rel.text._send_to_iface
                0x0000000000000000        0x0 /usr/lib/gcc/i686-linux-gnu/4.8/../../../i386-linux-gnu/crt1.o
 .rel.text._send_unicast
                0x0000000000000000        0x0 /usr/lib/gcc/i686-linux-gnu/4.8/../../../i386-linux-gnu/crt1.o
 .rel.text._fill_ipv6_hdr
                0x0000000000000000        0x0 /usr/lib/gcc/i686-linux-gnu/4.8/../../../i386-linux-gnu/crt1.o
 .rel.text._send_multicast_over_iface
                0x0000000000000000        0x0 /usr/lib/gcc/i686-linux-gnu/4.8/../../../i386-linux-gnu/crt1.o
 .rel.text._send_multicast
                0x0000000000000000        0x0 /usr/lib/gcc/i686-linux-gnu/4.8/../../../i386-linux-gnu/crt1.o
 .rel.text._next_hop_l2addr
                0x0000000000000000        0x0 /usr/lib/gcc/i686-linux-gnu/4.8/../../../i386-linux-gnu/crt1.o
 .rel.text._pkt_not_for_me
                0x0000000000000000        0x0 /usr/lib/gcc/i686-linux-gnu/4.8/../../../i386-linux-gnu/crt1.o
 .rel.text._dispatch_rcv_pkt
                0x0000000000000000        0x0 /usr/lib/gcc/i686-linux-gnu/4.8/../../../i386-linux-gnu/crt1.o
 .rel.text._receive
                0x0000000000000000        0x0 /usr/lib/gcc/i686-linux-gnu/4.8/../../../i386-linux-gnu/crt1.o
 .rel.text._decapsulate
                0x0000000000000000        0x0 /usr/lib/gcc/i686-linux-gnu/4.8/../../../i386-linux-gnu/crt1.o
 .rel.text.mutex_init
                0x0000000000000000        0x0 /usr/lib/gcc/i686-linux-gnu/4.8/../../../i386-linux-gnu/crt1.o
 .rel.text.bf_set
                0x0000000000000000        0x0 /usr/lib/gcc/i686-linux-gnu/4.8/../../../i386-linux-gnu/crt1.o
 .rel.text.bf_isset
                0x0000000000000000        0x0 /usr/lib/gcc/i686-linux-gnu/4.8/../../../i386-linux-gnu/crt1.o
 .rel.text.byteorder_swapl
                0x0000000000000000        0x0 /usr/lib/gcc/i686-linux-gnu/4.8/../../../i386-linux-gnu/crt1.o
 .rel.text.byteorder_htonl
                0x0000000000000000        0x0 /usr/lib/gcc/i686-linux-gnu/4.8/../../../i386-linux-gnu/crt1.o
 .rel.text.ipv6_addr_equal
                0x0000000000000000        0x0 /usr/lib/gcc/i686-linux-gnu/4.8/../../../i386-linux-gnu/crt1.o
 .rel.text.ipv6_addr_is_link_local
                0x0000000000000000        0x0 /usr/lib/gcc/i686-linux-gnu/4.8/../../../i386-linux-gnu/crt1.o
 .rel.text.ipv6_addr_is_site_local
                0x0000000000000000        0x0 /usr/lib/gcc/i686-linux-gnu/4.8/../../../i386-linux-gnu/crt1.o
 .rel.text.ipv6_addr_set_unspecified
                0x0000000000000000        0x0 /usr/lib/gcc/i686-linux-gnu/4.8/../../../i386-linux-gnu/crt1.o
 .rel.text.ipv6_addr_set_link_local_prefix
                0x0000000000000000        0x0 /usr/lib/gcc/i686-linux-gnu/4.8/../../../i386-linux-gnu/crt1.o
 .rel.text.ipv6_addr_set_aiid
                0x0000000000000000        0x0 /usr/lib/gcc/i686-linux-gnu/4.8/../../../i386-linux-gnu/crt1.o
 .rel.text.ipv6_addr_set_solicited_nodes
                0x0000000000000000        0x0 /usr/lib/gcc/i686-linux-gnu/4.8/../../../i386-linux-gnu/crt1.o
 .rel.text.gnrc_ipv6_netif_addr_is_non_unicast
                0x0000000000000000        0x0 /usr/lib/gcc/i686-linux-gnu/4.8/../../../i386-linux-gnu/crt1.o
 .rel.text._add_addr_to_entry
                0x0000000000000000        0x0 /usr/lib/gcc/i686-linux-gnu/4.8/../../../i386-linux-gnu/crt1.o
 .rel.text._reset_addr_from_entry
                0x0000000000000000        0x0 /usr/lib/gcc/i686-linux-gnu/4.8/../../../i386-linux-gnu/crt1.o
 .rel.text.gnrc_ipv6_netif_init
                0x0000000000000000        0x0 /usr/lib/gcc/i686-linux-gnu/4.8/../../../i386-linux-gnu/crt1.o
 .rel.text.gnrc_ipv6_netif_add
                0x0000000000000000        0x0 /usr/lib/gcc/i686-linux-gnu/4.8/../../../i386-linux-gnu/crt1.o
 .rel.text.gnrc_ipv6_netif_remove
                0x0000000000000000        0x0 /usr/lib/gcc/i686-linux-gnu/4.8/../../../i386-linux-gnu/crt1.o
 .rel.text.gnrc_ipv6_netif_get
                0x0000000000000000        0x0 /usr/lib/gcc/i686-linux-gnu/4.8/../../../i386-linux-gnu/crt1.o
 .rel.text.gnrc_ipv6_netif_add_addr
                0x0000000000000000        0x0 /usr/lib/gcc/i686-linux-gnu/4.8/../../../i386-linux-gnu/crt1.o
 .rel.text._remove_addr_from_entry
                0x0000000000000000        0x0 /usr/lib/gcc/i686-linux-gnu/4.8/../../../i386-linux-gnu/crt1.o
 .rel.text.gnrc_ipv6_netif_remove_addr
                0x0000000000000000        0x0 /usr/lib/gcc/i686-linux-gnu/4.8/../../../i386-linux-gnu/crt1.o
 .rel.text.gnrc_ipv6_netif_reset_addr
                0x0000000000000000        0x0 /usr/lib/gcc/i686-linux-gnu/4.8/../../../i386-linux-gnu/crt1.o
 .rel.text.gnrc_ipv6_netif_find_by_addr
                0x0000000000000000        0x0 /usr/lib/gcc/i686-linux-gnu/4.8/../../../i386-linux-gnu/crt1.o
 .rel.text.gnrc_ipv6_netif_find_addr
                0x0000000000000000        0x0 /usr/lib/gcc/i686-linux-gnu/4.8/../../../i386-linux-gnu/crt1.o
 .rel.text._find_by_prefix_unsafe
                0x0000000000000000        0x0 /usr/lib/gcc/i686-linux-gnu/4.8/../../../i386-linux-gnu/crt1.o
 .rel.text.gnrc_ipv6_netif_find_by_prefix
                0x0000000000000000        0x0 /usr/lib/gcc/i686-linux-gnu/4.8/../../../i386-linux-gnu/crt1.o
 .rel.text._create_candidate_set
                0x0000000000000000        0x0 /usr/lib/gcc/i686-linux-gnu/4.8/../../../i386-linux-gnu/crt1.o
 .rel.text.gnrc_ipv6_netif_match_prefix
                0x0000000000000000        0x0 /usr/lib/gcc/i686-linux-gnu/4.8/../../../i386-linux-gnu/crt1.o
 .rel.text._get_scope
                0x0000000000000000        0x0 /usr/lib/gcc/i686-linux-gnu/4.8/../../../i386-linux-gnu/crt1.o
 .rel.text._source_address_selection
                0x0000000000000000        0x0 /usr/lib/gcc/i686-linux-gnu/4.8/../../../i386-linux-gnu/crt1.o
 .rel.text.gnrc_ipv6_netif_find_best_src_addr
                0x0000000000000000        0x0 /usr/lib/gcc/i686-linux-gnu/4.8/../../../i386-linux-gnu/crt1.o
 .rel.text.gnrc_ipv6_netif_init_by_dev
                0x0000000000000000        0x0 /usr/lib/gcc/i686-linux-gnu/4.8/../../../i386-linux-gnu/crt1.o
 .rel.text.byteorder_ntohl
                0x0000000000000000        0x0 /usr/lib/gcc/i686-linux-gnu/4.8/../../../i386-linux-gnu/crt1.o
 .rel.text.ipv6_addr_is_solicited_node
                0x0000000000000000        0x0 /usr/lib/gcc/i686-linux-gnu/4.8/../../../i386-linux-gnu/crt1.o
 .rel.text.gnrc_pktqueue_remove
                0x0000000000000000        0x0 /usr/lib/gcc/i686-linux-gnu/4.8/../../../i386-linux-gnu/crt1.o
 .rel.text.gnrc_pktqueue_remove_head
                0x0000000000000000        0x0 /usr/lib/gcc/i686-linux-gnu/4.8/../../../i386-linux-gnu/crt1.o
 .rel.text.timex_normalize
                0x0000000000000000        0x0 /usr/lib/gcc/i686-linux-gnu/4.8/../../../i386-linux-gnu/crt1.o
 .rel.text.gnrc_ipv6_nc_get_state
                0x0000000000000000        0x0 /usr/lib/gcc/i686-linux-gnu/4.8/../../../i386-linux-gnu/crt1.o
 .rel.text.genrand_uint32_range
                0x0000000000000000        0x0 /usr/lib/gcc/i686-linux-gnu/4.8/../../../i386-linux-gnu/crt1.o
 .rel.text._stale_nc
                0x0000000000000000        0x0 /usr/lib/gcc/i686-linux-gnu/4.8/../../../i386-linux-gnu/crt1.o
 .rel.text.gnrc_ndp_nbr_sol_handle
                0x0000000000000000        0x0 /usr/lib/gcc/i686-linux-gnu/4.8/../../../i386-linux-gnu/crt1.o
 .rel.text._pkt_has_l2addr
                0x0000000000000000        0x0 /usr/lib/gcc/i686-linux-gnu/4.8/../../../i386-linux-gnu/crt1.o
 .rel.text.gnrc_ndp_nbr_adv_handle
                0x0000000000000000        0x0 /usr/lib/gcc/i686-linux-gnu/4.8/../../../i386-linux-gnu/crt1.o
 .rel.text._set_reach_time
                0x0000000000000000        0x0 /usr/lib/gcc/i686-linux-gnu/4.8/../../../i386-linux-gnu/crt1.o
 .rel.text.gnrc_ndp_rtr_adv_handle
                0x0000000000000000        0x0 /usr/lib/gcc/i686-linux-gnu/4.8/../../../i386-linux-gnu/crt1.o
 .rel.text.gnrc_ndp_retrans_nbr_sol
                0x0000000000000000        0x0 /usr/lib/gcc/i686-linux-gnu/4.8/../../../i386-linux-gnu/crt1.o
 .rel.text.gnrc_ndp_state_timeout
                0x0000000000000000        0x0 /usr/lib/gcc/i686-linux-gnu/4.8/../../../i386-linux-gnu/crt1.o
 .rel.text.gnrc_ndp_netif_add
                0x0000000000000000        0x0 /usr/lib/gcc/i686-linux-gnu/4.8/../../../i386-linux-gnu/crt1.o
 .rel.text.gnrc_ndp_netif_remove
                0x0000000000000000        0x0 /usr/lib/gcc/i686-linux-gnu/4.8/../../../i386-linux-gnu/crt1.o
 .rel.text.gnrc_ndp_nbr_sol_build
                0x0000000000000000        0x0 /usr/lib/gcc/i686-linux-gnu/4.8/../../../i386-linux-gnu/crt1.o
 .rel.text.gnrc_ndp_nbr_adv_build
                0x0000000000000000        0x0 /usr/lib/gcc/i686-linux-gnu/4.8/../../../i386-linux-gnu/crt1.o
 .rel.text.gnrc_ndp_rtr_sol_build
                0x0000000000000000        0x0 /usr/lib/gcc/i686-linux-gnu/4.8/../../../i386-linux-gnu/crt1.o
 .rel.text._ceil8
                0x0000000000000000        0x0 /usr/lib/gcc/i686-linux-gnu/4.8/../../../i386-linux-gnu/crt1.o
 .rel.text.gnrc_ndp_opt_build
                0x0000000000000000        0x0 /usr/lib/gcc/i686-linux-gnu/4.8/../../../i386-linux-gnu/crt1.o
 .rel.text._opt_l2a_build
                0x0000000000000000        0x0 /usr/lib/gcc/i686-linux-gnu/4.8/../../../i386-linux-gnu/crt1.o
 .rel.text.gnrc_ndp_opt_sl2a_build
                0x0000000000000000        0x0 /usr/lib/gcc/i686-linux-gnu/4.8/../../../i386-linux-gnu/crt1.o
 .rel.text.gnrc_ndp_opt_tl2a_build
                0x0000000000000000        0x0 /usr/lib/gcc/i686-linux-gnu/4.8/../../../i386-linux-gnu/crt1.o
 .rel.text._reschedule_rtr_sol
                0x0000000000000000        0x0 /usr/lib/gcc/i686-linux-gnu/4.8/../../../i386-linux-gnu/crt1.o
 .rel.text.gnrc_ndp_host_init
                0x0000000000000000        0x0 /usr/lib/gcc/i686-linux-gnu/4.8/../../../i386-linux-gnu/crt1.o
 .rel.text.gnrc_ndp_host_retrans_rtr_sol
                0x0000000000000000        0x0 /usr/lib/gcc/i686-linux-gnu/4.8/../../../i386-linux-gnu/crt1.o
 .rel.text.ipv6_addr_set_all_nodes_multicast
                0x0000000000000000        0x0 /usr/lib/gcc/i686-linux-gnu/4.8/../../../i386-linux-gnu/crt1.o
 .rel.text.gnrc_ipv6_netif_addr_get
                0x0000000000000000        0x0 /usr/lib/gcc/i686-linux-gnu/4.8/../../../i386-linux-gnu/crt1.o
 .rel.text._send_delayed
                0x0000000000000000        0x0 /usr/lib/gcc/i686-linux-gnu/4.8/../../../i386-linux-gnu/crt1.o
 .rel.text.gnrc_ndp_internal_default_router
                0x0000000000000000        0x0 /usr/lib/gcc/i686-linux-gnu/4.8/../../../i386-linux-gnu/crt1.o
 .rel.text.gnrc_ndp_internal_set_state
                0x0000000000000000        0x0 /usr/lib/gcc/i686-linux-gnu/4.8/../../../i386-linux-gnu/crt1.o
 .rel.text.gnrc_ndp_internal_send_nbr_adv
                0x0000000000000000        0x0 /usr/lib/gcc/i686-linux-gnu/4.8/../../../i386-linux-gnu/crt1.o
 .rel.text.gnrc_ndp_internal_send_nbr_sol
                0x0000000000000000        0x0 /usr/lib/gcc/i686-linux-gnu/4.8/../../../i386-linux-gnu/crt1.o
 .rel.text.gnrc_ndp_internal_send_rtr_sol
                0x0000000000000000        0x0 /usr/lib/gcc/i686-linux-gnu/4.8/../../../i386-linux-gnu/crt1.o
 .rel.text.gnrc_ndp_internal_sl2a_opt_handle
                0x0000000000000000        0x0 /usr/lib/gcc/i686-linux-gnu/4.8/../../../i386-linux-gnu/crt1.o
 .rel.text.gnrc_ndp_internal_tl2a_opt_handle
                0x0000000000000000        0x0 /usr/lib/gcc/i686-linux-gnu/4.8/../../../i386-linux-gnu/crt1.o
 .rel.text.gnrc_ndp_internal_mtu_opt_handle
                0x0000000000000000        0x0 /usr/lib/gcc/i686-linux-gnu/4.8/../../../i386-linux-gnu/crt1.o
 .rel.text.gnrc_ndp_internal_pi_opt_handle
                0x0000000000000000        0x0 /usr/lib/gcc/i686-linux-gnu/4.8/../../../i386-linux-gnu/crt1.o
 .rel.text._get_l2src
                0x0000000000000000        0x0 /usr/lib/gcc/i686-linux-gnu/4.8/../../../i386-linux-gnu/crt1.o
 .rel.text._build_headers
                0x0000000000000000        0x0 /usr/lib/gcc/i686-linux-gnu/4.8/../../../i386-linux-gnu/crt1.o
 .rel.text.gnrc_pktqueue_add
                0x0000000000000000        0x0 /usr/lib/gcc/i686-linux-gnu/4.8/../../../i386-linux-gnu/crt1.o
 .rel.text.gnrc_ipv6_nc_is_reachable
                0x0000000000000000        0x0 /usr/lib/gcc/i686-linux-gnu/4.8/../../../i386-linux-gnu/crt1.o
 .rel.text._alloc_pkt_node
                0x0000000000000000        0x0 /usr/lib/gcc/i686-linux-gnu/4.8/../../../i386-linux-gnu/crt1.o
 .rel.text.gnrc_ndp_node_next_hop_l2addr
                0x0000000000000000        0x0 /usr/lib/gcc/i686-linux-gnu/4.8/../../../i386-linux-gnu/crt1.o
 .rel.text._get_set
                0x0000000000000000        0x0 /usr/lib/gcc/i686-linux-gnu/4.8/../../../i386-linux-gnu/crt1.o
 .rel.text._snd_rcv
                0x0000000000000000        0x0 /usr/lib/gcc/i686-linux-gnu/4.8/../../../i386-linux-gnu/crt1.o
 .rel.text.gnrc_netapi_dispatch
                0x0000000000000000        0x0 /usr/lib/gcc/i686-linux-gnu/4.8/../../../i386-linux-gnu/crt1.o
 .rel.text.gnrc_netapi_send
                0x0000000000000000        0x0 /usr/lib/gcc/i686-linux-gnu/4.8/../../../i386-linux-gnu/crt1.o
 .rel.text.gnrc_netapi_receive
                0x0000000000000000        0x0 /usr/lib/gcc/i686-linux-gnu/4.8/../../../i386-linux-gnu/crt1.o
 .rel.text.gnrc_netapi_get
                0x0000000000000000        0x0 /usr/lib/gcc/i686-linux-gnu/4.8/../../../i386-linux-gnu/crt1.o
 .rel.text.gnrc_netapi_set
                0x0000000000000000        0x0 /usr/lib/gcc/i686-linux-gnu/4.8/../../../i386-linux-gnu/crt1.o
 .rel.text.gnrc_netapi_dispatch_receive
                0x0000000000000000        0x0 /usr/lib/gcc/i686-linux-gnu/4.8/../../../i386-linux-gnu/crt1.o
 .rel.text._event_cb
                0x0000000000000000        0x0 /usr/lib/gcc/i686-linux-gnu/4.8/../../../i386-linux-gnu/crt1.o
 .rel.text._pass_on_packet
                0x0000000000000000        0x0 /usr/lib/gcc/i686-linux-gnu/4.8/../../../i386-linux-gnu/crt1.o
 .rel.text._gnrc_netdev2_thread
                0x0000000000000000        0x0 /usr/lib/gcc/i686-linux-gnu/4.8/../../../i386-linux-gnu/crt1.o
 .rel.text.gnrc_netdev2_init
                0x0000000000000000        0x0 /usr/lib/gcc/i686-linux-gnu/4.8/../../../i386-linux-gnu/crt1.o
 .rel.text.gnrc_nettype_from_ethertype
                0x0000000000000000        0x0 /usr/lib/gcc/i686-linux-gnu/4.8/../../../i386-linux-gnu/crt1.o
 .rel.text.gnrc_nettype_to_ethertype
                0x0000000000000000        0x0 /usr/lib/gcc/i686-linux-gnu/4.8/../../../i386-linux-gnu/crt1.o
 .rel.text.gnrc_netif_hdr_get_src_addr
                0x0000000000000000        0x0 /usr/lib/gcc/i686-linux-gnu/4.8/../../../i386-linux-gnu/crt1.o
 .rel.text.gnrc_netif_hdr_get_dst_addr
                0x0000000000000000        0x0 /usr/lib/gcc/i686-linux-gnu/4.8/../../../i386-linux-gnu/crt1.o
 .rel.text._addr_set_broadcast
                0x0000000000000000        0x0 /usr/lib/gcc/i686-linux-gnu/4.8/../../../i386-linux-gnu/crt1.o
 .rel.text._addr_set_multicast
                0x0000000000000000        0x0 /usr/lib/gcc/i686-linux-gnu/4.8/../../../i386-linux-gnu/crt1.o
 .rel.text.gnrc_netdev2_eth_init
                0x0000000000000000        0x0 /usr/lib/gcc/i686-linux-gnu/4.8/../../../i386-linux-gnu/crt1.o
 .rel.text.gnrc_netif_init
                0x0000000000000000        0x0 /usr/lib/gcc/i686-linux-gnu/4.8/../../../i386-linux-gnu/crt1.o
 .rel.text.gnrc_netif_add
                0x0000000000000000        0x0 /usr/lib/gcc/i686-linux-gnu/4.8/../../../i386-linux-gnu/crt1.o
 .rel.text.gnrc_netif_remove
                0x0000000000000000        0x0 /usr/lib/gcc/i686-linux-gnu/4.8/../../../i386-linux-gnu/crt1.o
 .rel.text.gnrc_netif_get
                0x0000000000000000        0x0 /usr/lib/gcc/i686-linux-gnu/4.8/../../../i386-linux-gnu/crt1.o
 .rel.text.gnrc_netreg_init
                0x0000000000000000        0x0 /usr/lib/gcc/i686-linux-gnu/4.8/../../../i386-linux-gnu/crt1.o
 .rel.text.gnrc_netreg_register
                0x0000000000000000        0x0 /usr/lib/gcc/i686-linux-gnu/4.8/../../../i386-linux-gnu/crt1.o
 .rel.text.gnrc_netreg_unregister
                0x0000000000000000        0x0 /usr/lib/gcc/i686-linux-gnu/4.8/../../../i386-linux-gnu/crt1.o
 .rel.text.gnrc_netreg_lookup
                0x0000000000000000        0x0 /usr/lib/gcc/i686-linux-gnu/4.8/../../../i386-linux-gnu/crt1.o
 .rel.text.gnrc_netreg_num
                0x0000000000000000        0x0 /usr/lib/gcc/i686-linux-gnu/4.8/../../../i386-linux-gnu/crt1.o
 .rel.text.gnrc_netreg_getnext
                0x0000000000000000        0x0 /usr/lib/gcc/i686-linux-gnu/4.8/../../../i386-linux-gnu/crt1.o
 .rel.text.gnrc_netreg_calc_csum
                0x0000000000000000        0x0 /usr/lib/gcc/i686-linux-gnu/4.8/../../../i386-linux-gnu/crt1.o
 .rel.text.gnrc_netreg_hdr_build
                0x0000000000000000        0x0 /usr/lib/gcc/i686-linux-gnu/4.8/../../../i386-linux-gnu/crt1.o
 .rel.text.gnrc_pkt_count
                0x0000000000000000        0x0 /usr/lib/gcc/i686-linux-gnu/4.8/../../../i386-linux-gnu/crt1.o
 .rel.text._pktbuf_contains
                0x0000000000000000        0x0 /usr/lib/gcc/i686-linux-gnu/4.8/../../../i386-linux-gnu/crt1.o
 .rel.text._align
                0x0000000000000000        0x0 /usr/lib/gcc/i686-linux-gnu/4.8/../../../i386-linux-gnu/crt1.o
 .rel.text.gnrc_pktbuf_init
                0x0000000000000000        0x0 /usr/lib/gcc/i686-linux-gnu/4.8/../../../i386-linux-gnu/crt1.o
 .rel.text.gnrc_pktbuf_add
                0x0000000000000000        0x0 /usr/lib/gcc/i686-linux-gnu/4.8/../../../i386-linux-gnu/crt1.o
 .rel.text.gnrc_pktbuf_mark
                0x0000000000000000        0x0 /usr/lib/gcc/i686-linux-gnu/4.8/../../../i386-linux-gnu/crt1.o
 .rel.text.gnrc_pktbuf_realloc_data
                0x0000000000000000        0x0 /usr/lib/gcc/i686-linux-gnu/4.8/../../../i386-linux-gnu/crt1.o
 .rel.text.gnrc_pktbuf_hold
                0x0000000000000000        0x0 /usr/lib/gcc/i686-linux-gnu/4.8/../../../i386-linux-gnu/crt1.o
 .rel.text.gnrc_pktbuf_release
                0x0000000000000000        0x0 /usr/lib/gcc/i686-linux-gnu/4.8/../../../i386-linux-gnu/crt1.o
 .rel.text.gnrc_pktbuf_start_write
                0x0000000000000000        0x0 /usr/lib/gcc/i686-linux-gnu/4.8/../../../i386-linux-gnu/crt1.o
 .rel.text.gnrc_pktbuf_get_iovec
                0x0000000000000000        0x0 /usr/lib/gcc/i686-linux-gnu/4.8/../../../i386-linux-gnu/crt1.o
 .rel.text.gnrc_pktbuf_stats
                0x0000000000000000        0x0 /usr/lib/gcc/i686-linux-gnu/4.8/../../../i386-linux-gnu/crt1.o
 .rel.text._create_snip
                0x0000000000000000        0x0 /usr/lib/gcc/i686-linux-gnu/4.8/../../../i386-linux-gnu/crt1.o
 .rel.text._pktbuf_alloc
                0x0000000000000000        0x0 /usr/lib/gcc/i686-linux-gnu/4.8/../../../i386-linux-gnu/crt1.o
 .rel.text._too_small_hole
                0x0000000000000000        0x0 /usr/lib/gcc/i686-linux-gnu/4.8/../../../i386-linux-gnu/crt1.o
 .rel.text._merge
                0x0000000000000000        0x0 /usr/lib/gcc/i686-linux-gnu/4.8/../../../i386-linux-gnu/crt1.o
 .rel.text._pktbuf_free
                0x0000000000000000        0x0 /usr/lib/gcc/i686-linux-gnu/4.8/../../../i386-linux-gnu/crt1.o
 .rel.text.ipv6_hdr_inet_csum
                0x0000000000000000        0x0 /usr/lib/gcc/i686-linux-gnu/4.8/../../../i386-linux-gnu/crt1.o
 .rel.text.gnrc_netapi_dispatch_send
                0x0000000000000000        0x0 /usr/lib/gcc/i686-linux-gnu/4.8/../../../i386-linux-gnu/crt1.o
 .rel.text._calc_csum
                0x0000000000000000        0x0 /usr/lib/gcc/i686-linux-gnu/4.8/../../../i386-linux-gnu/crt1.o
 .rel.text.gnrc_udp_calc_csum
                0x0000000000000000        0x0 /usr/lib/gcc/i686-linux-gnu/4.8/../../../i386-linux-gnu/crt1.o
 .rel.text.gnrc_udp_hdr_build
                0x0000000000000000        0x0 /usr/lib/gcc/i686-linux-gnu/4.8/../../../i386-linux-gnu/crt1.o
 .rel.text.gnrc_udp_init
                0x0000000000000000        0x0 /usr/lib/gcc/i686-linux-gnu/4.8/../../../i386-linux-gnu/crt1.o
 .rel.text.inet_csum
                0x0000000000000000        0x0 /usr/lib/gcc/i686-linux-gnu/4.8/../../../i386-linux-gnu/crt1.o
 .rel.text.ipv6_addr_match_prefix
                0x0000000000000000        0x0 /usr/lib/gcc/i686-linux-gnu/4.8/../../../i386-linux-gnu/crt1.o
 .rel.text.ipv6_addr_init_prefix
                0x0000000000000000        0x0 /usr/lib/gcc/i686-linux-gnu/4.8/../../../i386-linux-gnu/crt1.o
 .rel.text.ipv6_addr_to_str
                0x0000000000000000        0x0 /usr/lib/gcc/i686-linux-gnu/4.8/../../../i386-linux-gnu/crt1.o
 .rel.text.ts2ticks
                0x0000000000000000        0x0 /usr/lib/gcc/i686-linux-gnu/4.8/../../../i386-linux-gnu/crt1.o
 .rel.text.native_isr_timer
                0x0000000000000000        0x0 /usr/lib/gcc/i686-linux-gnu/4.8/../../../i386-linux-gnu/crt1.o
 .rel.text.timer_init
                0x0000000000000000        0x0 /usr/lib/gcc/i686-linux-gnu/4.8/../../../i386-linux-gnu/crt1.o
 .rel.text.do_timer_set
                0x0000000000000000        0x0 /usr/lib/gcc/i686-linux-gnu/4.8/../../../i386-linux-gnu/crt1.o
 .rel.text.timer_set
                0x0000000000000000        0x0 /usr/lib/gcc/i686-linux-gnu/4.8/../../../i386-linux-gnu/crt1.o
 .rel.text.timer_set_absolute
                0x0000000000000000        0x0 /usr/lib/gcc/i686-linux-gnu/4.8/../../../i386-linux-gnu/crt1.o
 .rel.text.timer_clear
                0x0000000000000000        0x0 /usr/lib/gcc/i686-linux-gnu/4.8/../../../i386-linux-gnu/crt1.o
 .rel.text.timer_irq_enable
                0x0000000000000000        0x0 /usr/lib/gcc/i686-linux-gnu/4.8/../../../i386-linux-gnu/crt1.o
 .rel.text.timer_irq_disable
                0x0000000000000000        0x0 /usr/lib/gcc/i686-linux-gnu/4.8/../../../i386-linux-gnu/crt1.o
 .rel.text.timer_start
                0x0000000000000000        0x0 /usr/lib/gcc/i686-linux-gnu/4.8/../../../i386-linux-gnu/crt1.o
 .rel.text.timer_stop
                0x0000000000000000        0x0 /usr/lib/gcc/i686-linux-gnu/4.8/../../../i386-linux-gnu/crt1.o
 .rel.text.timer_reset
                0x0000000000000000        0x0 /usr/lib/gcc/i686-linux-gnu/4.8/../../../i386-linux-gnu/crt1.o
 .rel.text.timer_read
                0x0000000000000000        0x0 /usr/lib/gcc/i686-linux-gnu/4.8/../../../i386-linux-gnu/crt1.o
 .rel.text._get_free_socket
                0x0000000000000000        0x0 /usr/lib/gcc/i686-linux-gnu/4.8/../../../i386-linux-gnu/crt1.o
 .rel.text._get_socket
                0x0000000000000000        0x0 /usr/lib/gcc/i686-linux-gnu/4.8/../../../i386-linux-gnu/crt1.o
 .rel.text._choose_ipproto
                0x0000000000000000        0x0 /usr/lib/gcc/i686-linux-gnu/4.8/../../../i386-linux-gnu/crt1.o
 .rel.text._htons_port
                0x0000000000000000        0x0 /usr/lib/gcc/i686-linux-gnu/4.8/../../../i386-linux-gnu/crt1.o
 .rel.text._in_addr_ptr
                0x0000000000000000        0x0 /usr/lib/gcc/i686-linux-gnu/4.8/../../../i386-linux-gnu/crt1.o
 .rel.text._in_port_ptr
                0x0000000000000000        0x0 /usr/lib/gcc/i686-linux-gnu/4.8/../../../i386-linux-gnu/crt1.o
 .rel.text._in6_addr_ptr
                0x0000000000000000        0x0 /usr/lib/gcc/i686-linux-gnu/4.8/../../../i386-linux-gnu/crt1.o
 .rel.text._in6_port_ptr
                0x0000000000000000        0x0 /usr/lib/gcc/i686-linux-gnu/4.8/../../../i386-linux-gnu/crt1.o
 .rel.text._addr_truncate
                0x0000000000000000        0x0 /usr/lib/gcc/i686-linux-gnu/4.8/../../../i386-linux-gnu/crt1.o
 .rel.text._get_data_from_sockaddr
                0x0000000000000000        0x0 /usr/lib/gcc/i686-linux-gnu/4.8/../../../i386-linux-gnu/crt1.o
 .rel.text.socket_close
                0x0000000000000000        0x0 /usr/lib/gcc/i686-linux-gnu/4.8/../../../i386-linux-gnu/crt1.o
 .rel.text.socket_read
                0x0000000000000000        0x0 /usr/lib/gcc/i686-linux-gnu/4.8/../../../i386-linux-gnu/crt1.o
 .rel.text.socket_write
                0x0000000000000000        0x0 /usr/lib/gcc/i686-linux-gnu/4.8/../../../i386-linux-gnu/crt1.o
 .rel.text.socket
                0x0000000000000000        0x0 /usr/lib/gcc/i686-linux-gnu/4.8/../../../i386-linux-gnu/crt1.o
 .rel.text.accept
                0x0000000000000000        0x0 /usr/lib/gcc/i686-linux-gnu/4.8/../../../i386-linux-gnu/crt1.o
 .rel.text.bind
                0x0000000000000000        0x0 /usr/lib/gcc/i686-linux-gnu/4.8/../../../i386-linux-gnu/crt1.o
 .rel.text.connect
                0x0000000000000000        0x0 /usr/lib/gcc/i686-linux-gnu/4.8/../../../i386-linux-gnu/crt1.o
 .rel.text.getpeername
                0x0000000000000000        0x0 /usr/lib/gcc/i686-linux-gnu/4.8/../../../i386-linux-gnu/crt1.o
 .rel.text.getsockname
                0x0000000000000000        0x0 /usr/lib/gcc/i686-linux-gnu/4.8/../../../i386-linux-gnu/crt1.o
 .rel.text.listen
                0x0000000000000000        0x0 /usr/lib/gcc/i686-linux-gnu/4.8/../../../i386-linux-gnu/crt1.o
 .rel.text.recv
                0x0000000000000000        0x0 /usr/lib/gcc/i686-linux-gnu/4.8/../../../i386-linux-gnu/crt1.o
 .rel.text.recvfrom
                0x0000000000000000        0x0 /usr/lib/gcc/i686-linux-gnu/4.8/../../../i386-linux-gnu/crt1.o
 .rel.text.send
                0x0000000000000000        0x0 /usr/lib/gcc/i686-linux-gnu/4.8/../../../i386-linux-gnu/crt1.o
 .rel.text.sendto
                0x0000000000000000        0x0 /usr/lib/gcc/i686-linux-gnu/4.8/../../../i386-linux-gnu/crt1.o
 .rel.text.ps   0x0000000000000000        0x0 /usr/lib/gcc/i686-linux-gnu/4.8/../../../i386-linux-gnu/crt1.o
 .rel.text.genrand_init
                0x0000000000000000        0x0 /usr/lib/gcc/i686-linux-gnu/4.8/../../../i386-linux-gnu/crt1.o
 .rel.text.genrand_init_by_array
                0x0000000000000000        0x0 /usr/lib/gcc/i686-linux-gnu/4.8/../../../i386-linux-gnu/crt1.o
 .rel.text.generate_numbers
                0x0000000000000000        0x0 /usr/lib/gcc/i686-linux-gnu/4.8/../../../i386-linux-gnu/crt1.o
 .rel.text.genrand_uint32
                0x0000000000000000        0x0 /usr/lib/gcc/i686-linux-gnu/4.8/../../../i386-linux-gnu/crt1.o
 .rel.text.find_handler
                0x0000000000000000        0x0 /usr/lib/gcc/i686-linux-gnu/4.8/../../../i386-linux-gnu/crt1.o
 .rel.text.print_help
                0x0000000000000000        0x0 /usr/lib/gcc/i686-linux-gnu/4.8/../../../i386-linux-gnu/crt1.o
 .rel.text.handle_input_line
                0x0000000000000000        0x0 /usr/lib/gcc/i686-linux-gnu/4.8/../../../i386-linux-gnu/crt1.o
 .rel.text.readline
                0x0000000000000000        0x0 /usr/lib/gcc/i686-linux-gnu/4.8/../../../i386-linux-gnu/crt1.o
 .rel.text.print_prompt
                0x0000000000000000        0x0 /usr/lib/gcc/i686-linux-gnu/4.8/../../../i386-linux-gnu/crt1.o
 .rel.text._reboot_handler
                0x0000000000000000        0x0 /usr/lib/gcc/i686-linux-gnu/4.8/../../../i386-linux-gnu/crt1.o
 .rel.text._ps_handler
                0x0000000000000000        0x0 /usr/lib/gcc/i686-linux-gnu/4.8/../../../i386-linux-gnu/crt1.o
 .rel.text._mersenne_init
                0x0000000000000000        0x0 /usr/lib/gcc/i686-linux-gnu/4.8/../../../i386-linux-gnu/crt1.o
 .rel.text._mersenne_get
                0x0000000000000000        0x0 /usr/lib/gcc/i686-linux-gnu/4.8/../../../i386-linux-gnu/crt1.o
 .rel.text._is_number
                0x0000000000000000        0x0 /usr/lib/gcc/i686-linux-gnu/4.8/../../../i386-linux-gnu/crt1.o
 .rel.text._is_iface
                0x0000000000000000        0x0 /usr/lib/gcc/i686-linux-gnu/4.8/../../../i386-linux-gnu/crt1.o
 .rel.text._set_usage
                0x0000000000000000        0x0 /usr/lib/gcc/i686-linux-gnu/4.8/../../../i386-linux-gnu/crt1.o
 .rel.text._mtu_usage
                0x0000000000000000        0x0 /usr/lib/gcc/i686-linux-gnu/4.8/../../../i386-linux-gnu/crt1.o
 .rel.text._flag_usage
                0x0000000000000000        0x0 /usr/lib/gcc/i686-linux-gnu/4.8/../../../i386-linux-gnu/crt1.o
 .rel.text._add_usage
                0x0000000000000000        0x0 /usr/lib/gcc/i686-linux-gnu/4.8/../../../i386-linux-gnu/crt1.o
 .rel.text._del_usage
                0x0000000000000000        0x0 /usr/lib/gcc/i686-linux-gnu/4.8/../../../i386-linux-gnu/crt1.o
 .rel.text._print_netopt
                0x0000000000000000        0x0 /usr/lib/gcc/i686-linux-gnu/4.8/../../../i386-linux-gnu/crt1.o
 .rel.text._print_netopt_state
                0x0000000000000000        0x0 /usr/lib/gcc/i686-linux-gnu/4.8/../../../i386-linux-gnu/crt1.o
 .rel.text._netif_list
                0x0000000000000000        0x0 /usr/lib/gcc/i686-linux-gnu/4.8/../../../i386-linux-gnu/crt1.o
 .rel.text._netif_set_u16
                0x0000000000000000        0x0 /usr/lib/gcc/i686-linux-gnu/4.8/../../../i386-linux-gnu/crt1.o
 .rel.text._netif_set_i16
                0x0000000000000000        0x0 /usr/lib/gcc/i686-linux-gnu/4.8/../../../i386-linux-gnu/crt1.o
 .rel.text._netif_set_u8
                0x0000000000000000        0x0 /usr/lib/gcc/i686-linux-gnu/4.8/../../../i386-linux-gnu/crt1.o
 .rel.text._netif_set_flag
                0x0000000000000000        0x0 /usr/lib/gcc/i686-linux-gnu/4.8/../../../i386-linux-gnu/crt1.o
 .rel.text._netif_set_addr
                0x0000000000000000        0x0 /usr/lib/gcc/i686-linux-gnu/4.8/../../../i386-linux-gnu/crt1.o
 .rel.text._netif_set_state
                0x0000000000000000        0x0 /usr/lib/gcc/i686-linux-gnu/4.8/../../../i386-linux-gnu/crt1.o
 .rel.text._netif_set
                0x0000000000000000        0x0 /usr/lib/gcc/i686-linux-gnu/4.8/../../../i386-linux-gnu/crt1.o
 .rel.text._netif_flag
                0x0000000000000000        0x0 /usr/lib/gcc/i686-linux-gnu/4.8/../../../i386-linux-gnu/crt1.o
 .rel.text._get_prefix_len
                0x0000000000000000        0x0 /usr/lib/gcc/i686-linux-gnu/4.8/../../../i386-linux-gnu/crt1.o
 .rel.text._netif_add
                0x0000000000000000        0x0 /usr/lib/gcc/i686-linux-gnu/4.8/../../../i386-linux-gnu/crt1.o
 .rel.text._netif_del
                0x0000000000000000        0x0 /usr/lib/gcc/i686-linux-gnu/4.8/../../../i386-linux-gnu/crt1.o
 .rel.text._netif_mtu
                0x0000000000000000        0x0 /usr/lib/gcc/i686-linux-gnu/4.8/../../../i386-linux-gnu/crt1.o
 .rel.text._netif_send
                0x0000000000000000        0x0 /usr/lib/gcc/i686-linux-gnu/4.8/../../../i386-linux-gnu/crt1.o
 .rel.text._netif_config
                0x0000000000000000        0x0 /usr/lib/gcc/i686-linux-gnu/4.8/../../../i386-linux-gnu/crt1.o
 .rel.text._print_nc_state
                0x0000000000000000        0x0 /usr/lib/gcc/i686-linux-gnu/4.8/../../../i386-linux-gnu/crt1.o
 .rel.text._print_nc_type
                0x0000000000000000        0x0 /usr/lib/gcc/i686-linux-gnu/4.8/../../../i386-linux-gnu/crt1.o
 .rel.text._ipv6_nc_list
                0x0000000000000000        0x0 /usr/lib/gcc/i686-linux-gnu/4.8/../../../i386-linux-gnu/crt1.o
 .rel.text._get_iface
                0x0000000000000000        0x0 /usr/lib/gcc/i686-linux-gnu/4.8/../../../i386-linux-gnu/crt1.o
 .rel.text._ipv6_nc_add
                0x0000000000000000        0x0 /usr/lib/gcc/i686-linux-gnu/4.8/../../../i386-linux-gnu/crt1.o
 .rel.text._ipv6_nc_del
                0x0000000000000000        0x0 /usr/lib/gcc/i686-linux-gnu/4.8/../../../i386-linux-gnu/crt1.o
 .rel.text._ipv6_nc_reset
                0x0000000000000000        0x0 /usr/lib/gcc/i686-linux-gnu/4.8/../../../i386-linux-gnu/crt1.o
 .rel.text._ipv6_nc_manage
                0x0000000000000000        0x0 /usr/lib/gcc/i686-linux-gnu/4.8/../../../i386-linux-gnu/crt1.o
 .rel.text._ipv6_nc_routers
                0x0000000000000000        0x0 /usr/lib/gcc/i686-linux-gnu/4.8/../../../i386-linux-gnu/crt1.o
 .rel.text.timex_add
                0x0000000000000000        0x0 /usr/lib/gcc/i686-linux-gnu/4.8/../../../i386-linux-gnu/crt1.o
 .rel.text.timex_set
                0x0000000000000000        0x0 /usr/lib/gcc/i686-linux-gnu/4.8/../../../i386-linux-gnu/crt1.o
 .rel.text.timex_sub
                0x0000000000000000        0x0 /usr/lib/gcc/i686-linux-gnu/4.8/../../../i386-linux-gnu/crt1.o
 .rel.text.timex_cmp
                0x0000000000000000        0x0 /usr/lib/gcc/i686-linux-gnu/4.8/../../../i386-linux-gnu/crt1.o
 .rel.text.reboot
                0x0000000000000000        0x0 /usr/lib/gcc/i686-linux-gnu/4.8/../../../i386-linux-gnu/crt1.o
 .rel.text.gnrc_conn_reg
                0x0000000000000000        0x0 /usr/lib/gcc/i686-linux-gnu/4.8/../../../i386-linux-gnu/crt1.o
 .rel.text.conn_udp_create
                0x0000000000000000        0x0 /usr/lib/gcc/i686-linux-gnu/4.8/../../../i386-linux-gnu/crt1.o
 .rel.text.conn_udp_close
                0x0000000000000000        0x0 /usr/lib/gcc/i686-linux-gnu/4.8/../../../i386-linux-gnu/crt1.o
 .rel.text.conn_udp_getlocaladdr
                0x0000000000000000        0x0 /usr/lib/gcc/i686-linux-gnu/4.8/../../../i386-linux-gnu/crt1.o
 .rel.text.conn_udp_recvfrom
                0x0000000000000000        0x0 /usr/lib/gcc/i686-linux-gnu/4.8/../../../i386-linux-gnu/crt1.o
 .rel.text.conn_udp_sendto
                0x0000000000000000        0x0 /usr/lib/gcc/i686-linux-gnu/4.8/../../../i386-linux-gnu/crt1.o
 .rel.text.gnrc_icmpv6_demux
                0x0000000000000000        0x0 /usr/lib/gcc/i686-linux-gnu/4.8/../../../i386-linux-gnu/crt1.o
 .rel.text.gnrc_icmpv6_build
                0x0000000000000000        0x0 /usr/lib/gcc/i686-linux-gnu/4.8/../../../i386-linux-gnu/crt1.o
 .rel.text.gnrc_icmpv6_calc_csum
                0x0000000000000000        0x0 /usr/lib/gcc/i686-linux-gnu/4.8/../../../i386-linux-gnu/crt1.o
 .rel.text.gnrc_ipv6_hdr_build
                0x0000000000000000        0x0 /usr/lib/gcc/i686-linux-gnu/4.8/../../../i386-linux-gnu/crt1.o
 .rel.text.gnrc_ipv6_nc_init
                0x0000000000000000        0x0 /usr/lib/gcc/i686-linux-gnu/4.8/../../../i386-linux-gnu/crt1.o
 .rel.text._find_free_entry
                0x0000000000000000        0x0 /usr/lib/gcc/i686-linux-gnu/4.8/../../../i386-linux-gnu/crt1.o
 .rel.text.gnrc_ipv6_nc_add
                0x0000000000000000        0x0 /usr/lib/gcc/i686-linux-gnu/4.8/../../../i386-linux-gnu/crt1.o
 .rel.text.gnrc_ipv6_nc_remove
                0x0000000000000000        0x0 /usr/lib/gcc/i686-linux-gnu/4.8/../../../i386-linux-gnu/crt1.o
 .rel.text.gnrc_ipv6_nc_get
                0x0000000000000000        0x0 /usr/lib/gcc/i686-linux-gnu/4.8/../../../i386-linux-gnu/crt1.o
 .rel.text.gnrc_ipv6_nc_get_next
                0x0000000000000000        0x0 /usr/lib/gcc/i686-linux-gnu/4.8/../../../i386-linux-gnu/crt1.o
 .rel.text.gnrc_ipv6_nc_get_next_router
                0x0000000000000000        0x0 /usr/lib/gcc/i686-linux-gnu/4.8/../../../i386-linux-gnu/crt1.o
 .rel.text.gnrc_ipv6_nc_still_reachable
                0x0000000000000000        0x0 /usr/lib/gcc/i686-linux-gnu/4.8/../../../i386-linux-gnu/crt1.o
 .rel.text._dehex
                0x0000000000000000        0x0 /usr/lib/gcc/i686-linux-gnu/4.8/../../../i386-linux-gnu/crt1.o
 .rel.text.gnrc_netif_addr_from_str
                0x0000000000000000        0x0 /usr/lib/gcc/i686-linux-gnu/4.8/../../../i386-linux-gnu/crt1.o
 .rel.text._half_byte_to_char
                0x0000000000000000        0x0 /usr/lib/gcc/i686-linux-gnu/4.8/../../../i386-linux-gnu/crt1.o
 .rel.text.gnrc_netif_addr_to_str
                0x0000000000000000        0x0 /usr/lib/gcc/i686-linux-gnu/4.8/../../../i386-linux-gnu/crt1.o
 .rel.text.ipv6_addr_from_str
                0x0000000000000000        0x0 /usr/lib/gcc/i686-linux-gnu/4.8/../../../i386-linux-gnu/crt1.o
 .rel.text.fd_init
                0x0000000000000000        0x0 /usr/lib/gcc/i686-linux-gnu/4.8/../../../i386-linux-gnu/crt1.o
 .rel.text.fd_get_next_free
                0x0000000000000000        0x0 /usr/lib/gcc/i686-linux-gnu/4.8/../../../i386-linux-gnu/crt1.o
 .rel.text.fd_new
                0x0000000000000000        0x0 /usr/lib/gcc/i686-linux-gnu/4.8/../../../i386-linux-gnu/crt1.o
 .rel.text.fd_get
                0x0000000000000000        0x0 /usr/lib/gcc/i686-linux-gnu/4.8/../../../i386-linux-gnu/crt1.o
 .rel.text.fd_destroy
                0x0000000000000000        0x0 /usr/lib/gcc/i686-linux-gnu/4.8/../../../i386-linux-gnu/crt1.o
 .rel.text._srcaddr
                0x0000000000000000        0x0 /usr/lib/gcc/i686-linux-gnu/4.8/../../../i386-linux-gnu/crt1.o
 .rel.text._srcport
                0x0000000000000000        0x0 /usr/lib/gcc/i686-linux-gnu/4.8/../../../i386-linux-gnu/crt1.o
 .rel.text.gnrc_conn_recvfrom
                0x0000000000000000        0x0 /usr/lib/gcc/i686-linux-gnu/4.8/../../../i386-linux-gnu/crt1.o
 .rel.text.gnrc_conn6_set_local_addr
                0x0000000000000000        0x0 /usr/lib/gcc/i686-linux-gnu/4.8/../../../i386-linux-gnu/crt1.o
 *(.rel.fini)
 *(.rel.rodata .rel.rodata.* .rel.gnu.linkonce.r.*)
 .rel.rodata.shell_commands
                0x0000000000000000        0x0 /usr/lib/gcc/i686-linux-gnu/4.8/../../../i386-linux-gnu/crt1.o
 .rel.rodata._shell_command_list
                0x0000000000000000        0x0 /usr/lib/gcc/i686-linux-gnu/4.8/../../../i386-linux-gnu/crt1.o
 *(.rel.data.rel.ro .rel.data.rel.ro.* .rel.gnu.linkonce.d.rel.ro.*)
 *(.rel.data .rel.data.* .rel.gnu.linkonce.d.*)
 *(.rel.tdata .rel.tdata.* .rel.gnu.linkonce.td.*)
 *(.rel.tbss .rel.tbss.* .rel.gnu.linkonce.tb.*)
 *(.rel.ctors)
 *(.rel.dtors)
 *(.rel.got)
 .rel.got       0x0000000008048b24        0x8 /usr/lib/gcc/i686-linux-gnu/4.8/../../../i386-linux-gnu/crt1.o
 *(.rel.bss .rel.bss.* .rel.gnu.linkonce.b.*)
 .rel.bss       0x0000000008048b2c        0x8 /usr/lib/gcc/i686-linux-gnu/4.8/../../../i386-linux-gnu/crt1.o
 *(.rel.ifunc)

.rel.plt        0x0000000008048b34      0x138
 *(.rel.plt)
 .rel.plt       0x0000000008048b34      0x138 /usr/lib/gcc/i686-linux-gnu/4.8/../../../i386-linux-gnu/crt1.o
                0x0000000008048c6c                PROVIDE (__rel_iplt_start, .)
 *(.rel.iplt)
 .rel.iplt      0x0000000000000000        0x0 /usr/lib/gcc/i686-linux-gnu/4.8/../../../i386-linux-gnu/crt1.o
                0x0000000008048c6c                PROVIDE (__rel_iplt_end, .)

.init           0x0000000008048c6c       0x23
 *(SORT(.init))
 .init          0x0000000008048c6c       0x1e /usr/lib/gcc/i686-linux-gnu/4.8/../../../i386-linux-gnu/crti.o
                0x0000000008048c6c                _init
 .init          0x0000000008048c8a        0x5 /usr/lib/gcc/i686-linux-gnu/4.8/../../../i386-linux-gnu/crtn.o

.plt            0x0000000008048c90      0x280
 *(.plt)
 .plt           0x0000000008048c90      0x280 /usr/lib/gcc/i686-linux-gnu/4.8/../../../i386-linux-gnu/crt1.o
                0x0000000008048ca0                strcmp@@GLIBC_2.0
                0x0000000008048cb0                sigprocmask@@GLIBC_2.0
                0x0000000008048cc0                memcpy@@GLIBC_2.0
                0x0000000008048cd0                setcontext@@GLIBC_2.0
                0x0000000008048ce0                getchar@@GLIBC_2.0
                0x0000000008048cf0                memcmp@@GLIBC_2.0
                0x0000000008048d00                __stack_chk_fail@@GLIBC_2.4
                0x0000000008048d10                sigpending@@GLIBC_2.0
                0x0000000008048d20                sigismember@@GLIBC_2.0
                0x0000000008048d30                strsignal@@GLIBC_2.0
                0x0000000008048d40                fwrite@@GLIBC_2.0
                0x0000000008048d50                strcpy@@GLIBC_2.0
                0x0000000008048d60                strerror@@GLIBC_2.0
                0x0000000008048d80                exit@@GLIBC_2.0
                0x0000000008048d90                kill@@GLIBC_2.0
                0x0000000008048da0                strtoul@@GLIBC_2.0
                0x0000000008048db0                strchr@@GLIBC_2.0
                0x0000000008048dc0                strlen@@GLIBC_2.0
                0x0000000008048dd0                __libc_start_main@@GLIBC_2.0
                0x0000000008048de0                sigdelset@@GLIBC_2.0
                0x0000000008048df0                atol@@GLIBC_2.0
                0x0000000008048e00                getcontext@@GLIBC_2.1
                0x0000000008048e10                fcntl@@GLIBC_2.0
                0x0000000008048e20                sigaddset@@GLIBC_2.0
                0x0000000008048e30                dlsym@@GLIBC_2.0
                0x0000000008048e40                sigfillset@@GLIBC_2.0
                0x0000000008048e50                memset@@GLIBC_2.0
                0x0000000008048e60                snprintf@@GLIBC_2.0
                0x0000000008048e70                swapcontext@@GLIBC_2.1
                0x0000000008048e80                __errno_location@@GLIBC_2.0
                0x0000000008048e90                strncpy@@GLIBC_2.0
                0x0000000008048ea0                makecontext@@GLIBC_2.1
                0x0000000008048eb0                sigemptyset@@GLIBC_2.0
                0x0000000008048ec0                sprintf@@GLIBC_2.0
                0x0000000008048ed0                vsnprintf@@GLIBC_2.0
                0x0000000008048ee0                atoi@@GLIBC_2.0
                0x0000000008048ef0                sigaction@@GLIBC_2.0
                0x0000000008048f00                sigaltstack@@GLIBC_2.0
 *(.iplt)
 .iplt          0x0000000000000000        0x0 /usr/lib/gcc/i686-linux-gnu/4.8/../../../i386-linux-gnu/crt1.o

.text           0x0000000008048f10    0x192e2
 *(.text.unlikely .text.*_unlikely .text.unlikely.*)
 *(.text.exit .text.exit.*)
 *(.text.startup .text.startup.*)
 .text.startup  0x0000000008048f10      0x324 /home/kteo/RIOT/examples/IoT-Project/bin/native/cpu/startup.o
 *(.text.hot .text.hot.*)
 *(.text .stub .text.* .gnu.linkonce.t.*)
 .text          0x0000000008049234       0x22 /usr/lib/gcc/i686-linux-gnu/4.8/../../../i386-linux-gnu/crt1.o
                0x0000000008049234                _start
 .text          0x0000000008049256        0x0 /usr/lib/gcc/i686-linux-gnu/4.8/../../../i386-linux-gnu/crti.o
 *fill*         0x0000000008049256        0xa 
 .gnu.linkonce.t.__x86.get_pc_thunk.bx
                0x0000000008049260        0x4 /usr/lib/gcc/i686-linux-gnu/4.8/../../../i386-linux-gnu/crti.o
                0x0000000008049260                __x86.get_pc_thunk.bx
 *fill*         0x0000000008049264        0xc 
 .text          0x0000000008049270       0xbd /usr/lib/gcc/i686-linux-gnu/4.8/crtbegin.o
 .text          0x000000000804932d        0x0 /home/kteo/RIOT/examples/IoT-Project/bin/native/cpu/startup.o
 .text._native_null_in
                0x000000000804932d       0x9b /home/kteo/RIOT/examples/IoT-Project/bin/native/cpu/startup.o
                0x000000000804932d                _native_null_in
 .text._native_log_stdout
                0x00000000080493c8      0x17e /home/kteo/RIOT/examples/IoT-Project/bin/native/cpu/startup.o
                0x00000000080493c8                _native_log_stdout
 .text._native_log_stderr
                0x0000000008049546      0x169 /home/kteo/RIOT/examples/IoT-Project/bin/native/cpu/startup.o
                0x0000000008049546                _native_log_stderr
 .text.daemonize
                0x00000000080496af       0xde /home/kteo/RIOT/examples/IoT-Project/bin/native/cpu/startup.o
                0x00000000080496af                daemonize
 .text.filter_daemonize_argv
                0x000000000804978d       0x8d /home/kteo/RIOT/examples/IoT-Project/bin/native/cpu/startup.o
 .text.usage_exit
                0x000000000804981a       0x95 /home/kteo/RIOT/examples/IoT-Project/bin/native/cpu/startup.o
                0x000000000804981a                usage_exit
 .text          0x00000000080498af        0x0 /home/kteo/RIOT/examples/IoT-Project/bin/native/core.a(kernel_init.o)
 .text.main_trampoline
                0x00000000080498af       0x45 /home/kteo/RIOT/examples/IoT-Project/bin/native/core.a(kernel_init.o)
 .text.idle_thread
                0x00000000080498f4       0x3c /home/kteo/RIOT/examples/IoT-Project/bin/native/core.a(kernel_init.o)
 .text.kernel_init
                0x0000000008049930       0x95 /home/kteo/RIOT/examples/IoT-Project/bin/native/core.a(kernel_init.o)
                0x0000000008049930                kernel_init
 .text          0x00000000080499c5        0x0 /home/kteo/RIOT/examples/IoT-Project/bin/native/core.a(thread.o)
 .text.clist_advance
                0x00000000080499c5       0x36 /home/kteo/RIOT/examples/IoT-Project/bin/native/core.a(thread.o)
 .text.cib_init
                0x00000000080499fb       0x5b /home/kteo/RIOT/examples/IoT-Project/bin/native/core.a(thread.o)
 .text.pid_is_valid
                0x0000000008049a56       0x45 /home/kteo/RIOT/examples/IoT-Project/bin/native/core.a(thread.o)
 .text.thread_get
                0x0000000008049a9b       0x4d /home/kteo/RIOT/examples/IoT-Project/bin/native/core.a(thread.o)
                0x0000000008049a9b                thread_get
 .text.thread_getstatus
                0x0000000008049ae8       0x51 /home/kteo/RIOT/examples/IoT-Project/bin/native/core.a(thread.o)
                0x0000000008049ae8                thread_getstatus
 .text.thread_getname
                0x0000000008049b39       0x4d /home/kteo/RIOT/examples/IoT-Project/bin/native/core.a(thread.o)
                0x0000000008049b39                thread_getname
 .text.thread_sleep
                0x0000000008049b86       0x5c /home/kteo/RIOT/examples/IoT-Project/bin/native/core.a(thread.o)
                0x0000000008049b86                thread_sleep
 .text.thread_wakeup
                0x0000000008049be2       0x9b /home/kteo/RIOT/examples/IoT-Project/bin/native/core.a(thread.o)
                0x0000000008049be2                thread_wakeup
 .text.thread_yield
                0x0000000008049c7d       0x6b /home/kteo/RIOT/examples/IoT-Project/bin/native/core.a(thread.o)
                0x0000000008049c7d                thread_yield
 .text.thread_measure_stack_free
                0x0000000008049ce8       0x52 /home/kteo/RIOT/examples/IoT-Project/bin/native/core.a(thread.o)
                0x0000000008049ce8                thread_measure_stack_free
 .text.thread_create
                0x0000000008049d3a      0x270 /home/kteo/RIOT/examples/IoT-Project/bin/native/core.a(thread.o)
                0x0000000008049d3a                thread_create
 .text          0x0000000008049faa        0x0 /home/kteo/RIOT/examples/IoT-Project/bin/native/core.a(sched.o)
 .text.sched_run
                0x0000000008049faa       0xaa /home/kteo/RIOT/examples/IoT-Project/bin/native/core.a(sched.o)
                0x0000000008049faa                sched_run
 .text.sched_set_status
                0x000000000804a054      0x107 /home/kteo/RIOT/examples/IoT-Project/bin/native/core.a(sched.o)
                0x000000000804a054                sched_set_status
 .text.sched_switch
                0x000000000804a15b       0x7c /home/kteo/RIOT/examples/IoT-Project/bin/native/core.a(sched.o)
                0x000000000804a15b                sched_switch
 .text.sched_task_exit
                0x000000000804a1d7       0x5a /home/kteo/RIOT/examples/IoT-Project/bin/native/core.a(sched.o)
                0x000000000804a1d7                sched_task_exit
 .text          0x000000000804a231        0x0 /home/kteo/RIOT/examples/IoT-Project/bin/native/core.a(bitarithm.o)
 .text.bitarithm_msb
                0x000000000804a231       0x44 /home/kteo/RIOT/examples/IoT-Project/bin/native/core.a(bitarithm.o)
                0x000000000804a231                bitarithm_msb
 .text.bitarithm_lsb
                0x000000000804a275       0x46 /home/kteo/RIOT/examples/IoT-Project/bin/native/core.a(bitarithm.o)
                0x000000000804a275                bitarithm_lsb
 .text.bitarithm_bits_set
                0x000000000804a2bb       0x49 /home/kteo/RIOT/examples/IoT-Project/bin/native/core.a(bitarithm.o)
                0x000000000804a2bb                bitarithm_bits_set
 .text          0x000000000804a304        0x0 /home/kteo/RIOT/examples/IoT-Project/bin/native/core.a(clist.o)
 .text.clist_add
                0x000000000804a304       0xa0 /home/kteo/RIOT/examples/IoT-Project/bin/native/core.a(clist.o)
                0x000000000804a304                clist_add
 .text.clist_remove
                0x000000000804a3a4       0x74 /home/kteo/RIOT/examples/IoT-Project/bin/native/core.a(clist.o)
                0x000000000804a3a4                clist_remove
 .text          0x000000000804a418        0x0 /home/kteo/RIOT/examples/IoT-Project/bin/native/cpu.a(irq_cpu.o)
 .text.print_thread_sigmask
                0x000000000804a418       0xf7 /home/kteo/RIOT/examples/IoT-Project/bin/native/cpu.a(irq_cpu.o)
                0x000000000804a418                print_thread_sigmask
 .text.print_sigmasks
                0x000000000804a50f       0x89 /home/kteo/RIOT/examples/IoT-Project/bin/native/cpu.a(irq_cpu.o)
                0x000000000804a50f                print_sigmasks
 .text.native_print_signals
                0x000000000804a598      0x1b9 /home/kteo/RIOT/examples/IoT-Project/bin/native/cpu.a(irq_cpu.o)
                0x000000000804a598                native_print_signals
 .text.disableIRQ
                0x000000000804a751       0x7d /home/kteo/RIOT/examples/IoT-Project/bin/native/cpu.a(irq_cpu.o)
                0x000000000804a751                disableIRQ
 .text.enableIRQ
                0x000000000804a7ce       0xa0 /home/kteo/RIOT/examples/IoT-Project/bin/native/cpu.a(irq_cpu.o)
                0x000000000804a7ce                enableIRQ
 .text.restoreIRQ
                0x000000000804a86e       0x3d /home/kteo/RIOT/examples/IoT-Project/bin/native/cpu.a(irq_cpu.o)
                0x000000000804a86e                restoreIRQ
 .text.inISR    0x000000000804a8ab       0x29 /home/kteo/RIOT/examples/IoT-Project/bin/native/cpu.a(irq_cpu.o)
                0x000000000804a8ab                inISR
 .text._native_popsig
                0x000000000804a8d4       0x96 /home/kteo/RIOT/examples/IoT-Project/bin/native/cpu.a(irq_cpu.o)
                0x000000000804a8d4                _native_popsig
 .text.native_irq_handler
                0x000000000804a96a       0x81 /home/kteo/RIOT/examples/IoT-Project/bin/native/cpu.a(irq_cpu.o)
                0x000000000804a96a                native_irq_handler
 .text.isr_set_sigmask
                0x000000000804a9eb       0x4b /home/kteo/RIOT/examples/IoT-Project/bin/native/cpu.a(irq_cpu.o)
                0x000000000804a9eb                isr_set_sigmask
 .text.native_isr_entry
                0x000000000804aa36      0x15e /home/kteo/RIOT/examples/IoT-Project/bin/native/cpu.a(irq_cpu.o)
                0x000000000804aa36                native_isr_entry
 .text.set_signal_handler
                0x000000000804ab94      0x160 /home/kteo/RIOT/examples/IoT-Project/bin/native/cpu.a(irq_cpu.o)
                0x000000000804ab94                set_signal_handler
 .text.register_interrupt
                0x000000000804acf4       0x68 /home/kteo/RIOT/examples/IoT-Project/bin/native/cpu.a(irq_cpu.o)
                0x000000000804acf4                register_interrupt
 .text.unregister_interrupt
                0x000000000804ad5c       0x63 /home/kteo/RIOT/examples/IoT-Project/bin/native/cpu.a(irq_cpu.o)
                0x000000000804ad5c                unregister_interrupt
 .text.native_shutdown
                0x000000000804adbf       0x42 /home/kteo/RIOT/examples/IoT-Project/bin/native/cpu.a(irq_cpu.o)
 .text.native_interrupt_init
                0x000000000804ae01      0x30a /home/kteo/RIOT/examples/IoT-Project/bin/native/cpu.a(irq_cpu.o)
                0x000000000804ae01                native_interrupt_init
 .text          0x000000000804b10b        0x0 /home/kteo/RIOT/examples/IoT-Project/bin/native/cpu.a(lpm_cpu.o)
 .text.lpm_init
                0x000000000804b10b       0x2f /home/kteo/RIOT/examples/IoT-Project/bin/native/cpu.a(lpm_cpu.o)
                0x000000000804b10b                lpm_init
 .text._native_lpm_sleep
                0x000000000804b13a       0x60 /home/kteo/RIOT/examples/IoT-Project/bin/native/cpu.a(lpm_cpu.o)
                0x000000000804b13a                _native_lpm_sleep
 .text.lpm_set  0x000000000804b19a       0x98 /home/kteo/RIOT/examples/IoT-Project/bin/native/cpu.a(lpm_cpu.o)
                0x000000000804b19a                lpm_set
 .text.lpm_awake
                0x000000000804b232       0x2f /home/kteo/RIOT/examples/IoT-Project/bin/native/cpu.a(lpm_cpu.o)
                0x000000000804b232                lpm_awake
 .text.lpm_begin_awake
                0x000000000804b261       0x25 /home/kteo/RIOT/examples/IoT-Project/bin/native/cpu.a(lpm_cpu.o)
                0x000000000804b261                lpm_begin_awake
 .text.lpm_end_awake
                0x000000000804b286       0x2f /home/kteo/RIOT/examples/IoT-Project/bin/native/cpu.a(lpm_cpu.o)
                0x000000000804b286                lpm_end_awake
 .text.lpm_get  0x000000000804b2b5       0x29 /home/kteo/RIOT/examples/IoT-Project/bin/native/cpu.a(lpm_cpu.o)
                0x000000000804b2b5                lpm_get
 .text          0x000000000804b2de        0x0 /home/kteo/RIOT/examples/IoT-Project/bin/native/cpu.a(native_cpu.o)
 .text.reboot_arch
                0x000000000804b2de       0x80 /home/kteo/RIOT/examples/IoT-Project/bin/native/cpu.a(native_cpu.o)
                0x000000000804b2de                reboot_arch
 .text.thread_print_stack
                0x000000000804b35e       0x25 /home/kteo/RIOT/examples/IoT-Project/bin/native/cpu.a(native_cpu.o)
                0x000000000804b35e                thread_print_stack
 .text.thread_stack_init
                0x000000000804b383       0xf7 /home/kteo/RIOT/examples/IoT-Project/bin/native/cpu.a(native_cpu.o)
                0x000000000804b383                thread_stack_init
 .text.isr_cpu_switch_context_exit
                0x000000000804b47a       0x7f /home/kteo/RIOT/examples/IoT-Project/bin/native/cpu.a(native_cpu.o)
                0x000000000804b47a                isr_cpu_switch_context_exit
 .text.cpu_switch_context_exit
                0x000000000804b4f9       0xb9 /home/kteo/RIOT/examples/IoT-Project/bin/native/cpu.a(native_cpu.o)
                0x000000000804b4f9                cpu_switch_context_exit
 .text.isr_thread_yield
                0x000000000804b5b2       0x6b /home/kteo/RIOT/examples/IoT-Project/bin/native/cpu.a(native_cpu.o)
                0x000000000804b5b2                isr_thread_yield
 .text.thread_yield_higher
                0x000000000804b61d       0xb8 /home/kteo/RIOT/examples/IoT-Project/bin/native/cpu.a(native_cpu.o)
                0x000000000804b61d                thread_yield_higher
 .text.native_cpu_init
                0x000000000804b6d5       0x83 /home/kteo/RIOT/examples/IoT-Project/bin/native/cpu.a(native_cpu.o)
                0x000000000804b6d5                native_cpu_init
 .text          0x000000000804b758        0x0 /home/kteo/RIOT/examples/IoT-Project/bin/native/cpu.a(syscalls.o)
 .text._native_syscall_enter
                0x000000000804b758       0x31 /home/kteo/RIOT/examples/IoT-Project/bin/native/cpu.a(syscalls.o)
                0x000000000804b758                _native_syscall_enter
 .text._native_syscall_leave
                0x000000000804b789      0x104 /home/kteo/RIOT/examples/IoT-Project/bin/native/cpu.a(syscalls.o)
                0x000000000804b789                _native_syscall_leave
 .text.malloc   0x000000000804b88d       0x94 /home/kteo/RIOT/examples/IoT-Project/bin/native/cpu.a(syscalls.o)
                0x000000000804b88d                malloc
 .text.free     0x000000000804b921       0x41 /home/kteo/RIOT/examples/IoT-Project/bin/native/cpu.a(syscalls.o)
                0x000000000804b921                free
 .text.calloc   0x000000000804b962       0xa1 /home/kteo/RIOT/examples/IoT-Project/bin/native/cpu.a(syscalls.o)
                0x000000000804b962                calloc
 .text.realloc  0x000000000804ba03       0x54 /home/kteo/RIOT/examples/IoT-Project/bin/native/cpu.a(syscalls.o)
                0x000000000804ba03                realloc
 .text._native_read
                0x000000000804ba57       0x61 /home/kteo/RIOT/examples/IoT-Project/bin/native/cpu.a(syscalls.o)
                0x000000000804ba57                _native_read
 .text._native_write
                0x000000000804bab8       0x61 /home/kteo/RIOT/examples/IoT-Project/bin/native/cpu.a(syscalls.o)
                0x000000000804bab8                _native_write
 .text._native_writev
                0x000000000804bb19       0x61 /home/kteo/RIOT/examples/IoT-Project/bin/native/cpu.a(syscalls.o)
                0x000000000804bb19                _native_writev
 .text.putchar  0x000000000804bb7a       0x4a /home/kteo/RIOT/examples/IoT-Project/bin/native/cpu.a(syscalls.o)
                0x000000000804bb7a                putchar
 .text.puts     0x000000000804bbc4       0x5e /home/kteo/RIOT/examples/IoT-Project/bin/native/cpu.a(syscalls.o)
                0x000000000804bbc4                puts
 .text.make_message
                0x000000000804bc22       0xcd /home/kteo/RIOT/examples/IoT-Project/bin/native/cpu.a(syscalls.o)
                0x000000000804bc22                make_message
 .text.printf   0x000000000804bcef       0x92 /home/kteo/RIOT/examples/IoT-Project/bin/native/cpu.a(syscalls.o)
                0x000000000804bcef                printf
 .text.vprintf  0x000000000804bd81       0x92 /home/kteo/RIOT/examples/IoT-Project/bin/native/cpu.a(syscalls.o)
                0x000000000804bd81                vprintf
 .text.vwarn    0x000000000804be13      0x151 /home/kteo/RIOT/examples/IoT-Project/bin/native/cpu.a(syscalls.o)
                0x000000000804be13                vwarn